	Типы
		 письма
		 постановления
		 приказа
		 распоряжения
		 телеграммы
		 Закона
		 Федерального закона
		 Указа
		 указания
		 СНиПа
		 СанПиНа
		 ЕНиРа
		 акта
		 выписки
		 ГОСТа
		 гигиенических нормативов
		 декларации
		 директивы
		 доверенности
		 договора
		 договоренности
		 заключения
		 заключительного акта
		 определения
		 заявления
		 извещения
		 инструктивного указания
		 инструкции
		 информации
		 классификатора
		 Кодекса
		 коммюнике
		 конвенции
		 Конституции
		 Консульской конвенции
		 концепции
		 меморандума
		 методики
		 методических указаний
		 методического пособия
		 наставления
		 нормативов
		 норм
		 ноты
		 ОСТ
		 обзора
		 обращения
		 объявления
		 отчета
		 пакта
		 перечня
		 плана
		 положения
		 порядка
		 послания
		 пояснения к ТН ВЭД
		 правил
		 предписания
		 представления
		 прейскуранта
		 программы
		 проекта закона
		 протеста
		 протокола
		 разъяснения
		 расчета
		 регламента
		 реестра
		 резолюции
		 рекомендаций
		 решения
		 руководства
		 сборника
		 сметы
		 Соглашения
		 сообщения
		 состава
		 списка
		 справочника
		 стандарта
		 статуса
		 статута
		 табеля
		 тарифов
		 технологии
		 требования
		 уведомления
		 устава
		 учредительного договора
		 Федерального конституционного закона
		 хартии
	Постановление Правительства РФ от
	Распоряжение Правительства РФ от
	Заголовки
		Вносится депутатами Государственной Думы
		Выписка из протокола N заседания Совета Государственной Думы
		Департамента налоговой политики
		Заключение Президента РФ на проект Федерального закона
		Комментарий к делу N (Постановление Президиума Высшего Арбитражного Суда РФ  от )
		Об отзыве банковских лицензий
		Определение СК Верховного Суда РФ от 
		Письмо Департамента государственного контроля качества, эффективности, безопасности лекарственных средств и медицинской техники Минздрава РФ от 
		Постановление  Президиума Верховного Суда РФ от 
		Постановление Государственной Думы Федерального Собрания РФ от 
		Постановление Московской городской Думы от 
		Постановление Правительства Москвы от
		Постановление Совета Федерации Федерального Собрания РФ от 
		Проект федерального закона
		Распоряжение Мэра Москвы от
		Распоряжение Правительства Москвы от 
		Распоряжение Премьера Правительства Москвы от 
		Распоряжение первого заместителя Премьера Правительства Москвы от 
		Решение Верховного Суда РФ от 
		Решение Правления МАП РФ от 
		Федеральной комиссии по рынку ценных бумаг от 
		Распоряжение первого заместителя Мэра Москвы в Правительстве Москвы от 
		Определение СК по гражданским делам Верховного Суда РФ от 
		Определение СК по уголовным делам Верховного Суда РФ от 
		Определение Военной коллегии Верховного Суда РФ от 
	Публикации
		Текст XXX опубликован в "Российской газете" от XX февраля 2004 г. N
		Газеты
			Текст XXX опубликован в "Медицинской газете" от ХХ ХХХХХ 2003 г. N
			Текст XXX опубликован в "Народной газете" от XX yyyyy 2003 г. N
			Текст XXX опубликован в "Парламентской газете" от XX yyyyy 2003 г. N
			Текст XXX опубликован в "Российской бизнес-газете" от XX yyyyy 2003 г. N
			Текст XXX опубликован в "Российской газете" (выпуск выходного дня N ) от XX yyyyy 2003 г. N
			Текст XXX опубликован в "Финансовой газете", yyyyy 2003 г., N
			Текст XXX опубликован в библиотечке Российской газеты, 2003 г., выпуск N
			Текст XXX опубликован в газете "Бизнес и банки", yyyyy 2003 г., N
			Текст XXX опубликован в газете "Военный железнодорожник", yyyyy 2003 г., N
			Текст XXX опубликован в газете "Гудок" от ХХ ХХХХХ 2003 г. N
			Текст XXX опубликован в газете "Московские аптеки" от ХХ ХХХХХХ 2003 г. N
			Текст XXX опубликован в газете "Налоги", yyyyy 2003 г., N
			Текст XXX опубликован в газете "Подмосковные известия" от XX yyyyy 2003 г. N
			Текст XXX опубликован в газете "Природно-ресурсные ведомости", yyyyy 2003 г., N
			Текст XXX опубликован в газете "Российские вести" от XX yyyyy 2003 г. N
			Текст XXX опубликован в газете "Строительство и бизнес", уууууу 2003 г., N
			Текст XXX опубликован в газете "Таможенный вестник", 2003 г., N
			Текст XXX опубликован в газете "Таможня", 2003 г., N
			Текст XXX опубликован в газете "Тверская, 13" от XX ХХХХХХ 2003 г. N
			Текст XXX опубликован в газете "Товарный рынок" от ХХ ХХХХХ 2003 г. N
			Текст XXX опубликован в газете "Транспорт России" от ХХ-ХХ ХХХХХХ 2003 г. N
			Текст XXX опубликован в газете "Фармацевтический вестник" от XX ХХХХХХ 2003 г. N 
			Текст XXX опубликован в газете "Экономика и жизнь", yyyyy 2003 г., N
			Текст XXX опубликован в газете "эжДосье", yyyyy 2004 г., N
			Текст XXX опубликован в газете "эж-Юрист", yyyyy 2003 г., N
			Текст XXX опубликован в московском выпуске газеты "Экономика и жизнь" от XX yyyyy 2003 г. N
			Текст XXX опубликован в приложении к "Российской газете" - "Бизнес в России" от ХХ yyyyyy 2003 г. N
			Текст XXX опубликован в приложении к "Российской газете" - "Новые законы и нормативные акты", 2003 г., N
			Текст XXX опубликован в приложении к газете "Учет. Налоги. Право" - "Официальные документы" от XX yyyyy 2003 г. N
			Текст XXX опубликован в региональном выпуске "Финансовой газеты", yyyyy 2003 г., N
			Текст XXX опубликован в региональном выпуске газеты "Учет. Налоги. Право" в Москве от XX yyyyyy 2003 г. N
			Текст XXX опубликован в специальном выпуске газеты "Тверская, 13" от XX yyyyy 2003 г.
			Текст ХХХ опубликован в газете "Московская торговля" от ХХ yyyyy 2003 г. № 5-6
		Журналы
			Текст XXX опубликован в "Московском журнале международного права", ХХХХХХ-ХХХХХХ 2003 г., N
			Текст XXX опубликован в еженедельнике официальной информации "Курьер" от ХХ ХХХХХ 2003 г. N
			Текст ХХХ опубликован в "Журнале российского права" № Х, 2003 
			Текст XXX опубликован в журнале "Адвокат", 2003 г., N
			Текст XXX опубликован в журнале "Арбитражная налоговая практика", yyyyyy 2003 г., N
			Текст XXX опубликован в журнале "Аудиторские ведомости", 2003 г., N
			Текст XXX опубликован в журнале "Безопасность труда в промышленности", 2003 г., N
			Текст XXX опубликован в журнале "Библиотека инженера по охране труда", 2003 г., N
			Текст XXX опубликован в журнале "Бухгалтерский вестник в ЖКХ", ХХХХХХ-ХХХХХХ 2002 г., N
			Текст XXX опубликован в журнале "Бюллетень строительной техники", 2003 г., N
			Текст XXX опубликован в журнале "Ведомости уголовно-исполнительной системы", 2003 г., N
			Текст XXX опубликован в журнале "Вестник государственного социального страхования" - "Социальный мир", yyyyyy 2003 г., N
			Текст XXX опубликован в журнале "Вестник образования", yyyyyy 2003 г., N
			Текст XXX опубликован в журнале "Вестник образования России", yyyyyy 2003 г., N
			Текст XXX опубликован в журнале "Вестник технического регулирования", yyyyyy 2003 г., N
			Текст XXX опубликован в журнале "Вопросы статистики", 2003 г., N
			Текст XXX опубликован в журнале "Главбух", yyyyyy 2003 г., N
			Текст XXX опубликован в журнале "Главврач", 2003 г., N
			Текст XXX опубликован в журнале "Гражданская защита", yyyyyy 2003 г., N
			Текст XXX опубликован в журнале "Дипломатический вестник", 2003 г., N
			Текст XXX опубликован в журнале "Документы и комментарии" от XX yyyyy 2003 г. N
			Текст XXX опубликован в журнале "Еженедельный бюллетень законодательных и ведомственных актов", уууууу 2003 г., N
			Текст XXX опубликован в журнале "ЖКХ. Журнал руководителя и главного бухгалтера", ХХХХХХ 2003 г., N
			Текст XXX опубликован в журнале "Закон", yyyyyy 2003 г., N
			Текст XXX опубликован в журнале "Законность", 2003 г., N Х
			Текст XXX опубликован в журнале "Земельный вестник России", 2003 г., N
			Текст XXX опубликован в журнале "Здравоохранение", 2003 г., N
			Текст XXX опубликован в журнале "Интеллектуальная собственность. Промышленная собственность", 2003 г., N 6
			Текст XXX опубликован в журнале "Информационный бюллетень ЕврАзЭС", ХХХХ г., N 
			Текст XXX опубликован в журнале "Комментарии к новым документам", yyyyyy 2003 г., N
			Текст XXX опубликован в журнале "Московский налоговый курьер", 2003 г., N
			Текст XXX опубликован в журнале "Московское здравоохранение", 2003 г., N ХХ
			Текст XXX опубликован в журнале "Московский рынок и услуги", 2003 г., N
			Текст XXX опубликован в журнале "Налоги и платежи", 2003 г., N
			Текст XXX опубликован в журнале "Налоговые известия московского региона", 2003 г., N
			Текст XXX опубликован в журнале "Налоговый вестник", 2003 г., N
			Текст XXX опубликован в журнале "Новая аптека", 2003 г., N
			Текст XXX опубликован в журнале "Новое в бухгалтерском учете и отчетности", уууу 2003 г., N
			Текст XXX опубликован в журнале "Новые лекарственные препараты", 2003 г., N
			Текст XXX опубликован в журнале "Нормативные акты для бухгалтера" от XX yyyyy 2003 г. N
			Текст XXX опубликован в журнале "Нормативные акты по банковской деятельности", 2003 г., выпуск N
			Текст XXX опубликован в журнале "Нормативные акты по финансам, налогам, страхованию и бухгалтерскому учету", 2003 г., N
			Текст XXX опубликован в журнале "ОвД. Межведомственный информационный бюллетень", хххххх 2003 г., N
			Текст XXX опубликован в журнале "Официальные документы и разъяснения", ХХХХХ 2003 г., N
			Текст XXX опубликован в журнале "Охрана труда и социальное страхование", yyyyy 2003 г., N
			Текст XXX опубликован в журнале "Панорама приватизации" от ХХ ХХХХХ 1990 г. N
			Текст XXX опубликован в журнале "Патенты и лицензии", 2003 г., N
			Текст XXX опубликован в журнале "Пенсионные фонды и инвестиции", сентябрь - октябрь 2003 г., N
			Текст XXX опубликован в журнале "Пенсия", yyyyy 2003 г., N
			Текст XXX опубликован в журнале "Пожарная безопасность", 2003 г., N
			Текст XXX опубликован в журнале "Право и экономика", 2003 г., N
			Текст XXX опубликован в журнале "Российская юстиция", 2003 г., N
			Текст XXX опубликован в журнале "Российский налоговый курьер", 2003 г., N
			Текст XXX опубликован в журнале "Российский налоговый курьер", вкладка "Документы по налогообложению", 2003 г., N
			Текст XXX опубликован в журнале "Рыбное хозяйство", 2003 г., N 
			Текст XXX опубликован в журнале "Санитарно-эпидемиологический собеседник", 2003 г., N
			Текст XXX опубликован в журнале "СвязьИнформ", 2003 г., N
			Текст XXX опубликован в журнале "Совет Европы и Россия", ХХХХХ 2003 г., N
			Текст XXX опубликован в журнале "Социальная защита", хххххх 2003 г., N
			Текст XXX опубликован в журнале "Социальный мир" от хх-хх хххххх 2003 г. N
			Текст XXX опубликован в журнале "Справочник руководителя учреждения культуры", yyyyyy 2003 г., N
			Текст XXX опубликован в журнале "Справочник специалиста по охране труда", yyyyy  2003 г., N
			Текст XXX опубликован в журнале "Судебно-арбитражная практика Московского региона. Вопросы правоприменения", yyyyyy 2002 г., N 
			Текст XXX опубликован в журнале "СЭС", 2003 г., N
			Текст XXX опубликован в журнале "Финансово-экономический вестник нефтяной и газовой промышленности", 2003 г., N
			Текст XXX опубликован в журнале "Финансовый вестник: финансы, страхование, бухгалтерский учет", 2003 г., N
			Текст XXX опубликован в журнале "Хозяйство и право", yyyyy 2003 г., N
			Текст XXX опубликован в журнале "Экономика железных дорог", 2003 г., N
			Текст XXX опубликован в журнале "Экономика и учет в строительстве", ХХХХХ 2003 г., N
			Текст XXX опубликован в журнале "Экономика и финансы электроэнергетики", 1997 г., N
			Текст XXX опубликован в журнале "Экспресс-закон", yyyyy 2003 г., N
			Текст XXX опубликован в журнале "Энергонадзор и энергоэффективность", 2003 г., N
			Текст XXX опубликован в приложении к журналу "Бухгалтерский бюллетень" - "Нормативные акты", 2003 г., N
			Текст XXX опубликован в приложении к журналу "Бухгалтерский бюллетень" - "Экспресс анализ", 2003 г., N
			Текст XXX опубликован в приложении к журналу "Бухгалтерский бюллетень", yyyy 2003 г., N
			Текст XXX опубликован в приложении к журналу "Бухгалтерский вестник" - "Законодательство для бухгалтера", ХХХХХХ 2003 г., N
			Текст XXX опубликован в приложении к журналу "Нормативные акты для бухгалтера" от XX-XX yyyyy 2003 г. N
			Текст XXX опубликован в приложении к журналу "Экономика здравоохранения" - "Экономика и практика обязательного медицинского страхования", 2003 г., N
		Бюллетени
			Текст XXX опубликован в Бюллетене "Ведомости Московской городской Думы", 2003 г., N
			Текст XXX опубликован в Бюллетене "Использование и охрана природных ресурсов в России", 2003 г., N
			Текст XXX опубликован в Бюллетене "Нормативные акты по драгоценным металлам и драгоценным камням", 2003 г., N
			Текст XXX опубликован в Бюллетене "Нормирование, стандартизация и сертификация в строительстве", 2003 г., N
			Текст XXX опубликован в Бюллетене "Промышленные образцы", 2003 г., N 
			Текст XXX опубликован в Бюллетене "Строй-Информ", хххххх 2003 г., N
			Текст XXX опубликован в Бюллетене "Таможенные ведомости", 2003 г., N
			Текст XXX опубликован в Бюллетене Верховного Суда Российской Федерации, yyyyy 2003 г., N
			Текст XXX опубликован в Бюллетене Высшей аттестационной комиссии Министерства образования РФ, 2003 г., N 
			Текст XXX опубликован в Бюллетене Госкомтруда СССР, 1990 г., N
			Текст XXX опубликован в Бюллетене Государственного комитета СССР по труду и социальным вопросам, 1990 г., N
			Текст XXX опубликован в Бюллетене Министерства образования Российской Федерации, 2003 г., N
			Текст XXX опубликован в Бюллетене Министерства труда и социального развития Российской Федерации, 2003 г., N
			Текст XXX опубликован в Бюллетене Министерства труда и занятости населения Российской Федерации, 1992 г., N
			Текст XXX опубликован в Бюллетене Министерства труда Российской Федерации, 1992 г., N
			Текст XXX опубликован в Бюллетене Министерства юстиции Российской Федерации, 2003 г., N
			Текст XXX опубликован в Бюллетене международных договоров, yyyyy 2003 г., N
			Текст XXX опубликован в Бюллетене нормативных актов министерств и ведомств Российской Федерации, 2003 г., N
			Текст XXX опубликован в Бюллетене нормативных актов министерств и ведомств СССР, 1990 г., N
			Текст XXX опубликован в Бюллетене нормативных актов федеральных органов исполнительной власти от ХХ yyyyy 2003 г. N
			Текст XXX опубликован в Бюллетене нормативных и методических документов Госсанэпиднадзора, yyyyy 2003 г., N
			Текст XXX опубликован в Бюллетене службы судебных приставов Министерства юстиции РФ, yyyyy 2003 г., N
			Текст XXX опубликован в Бюллетене текущего законодательства, 1999 г., Выпуск N
			Текст XXX опубликован в Бюллетене Управления Министерства Российской Федерации по налогам и сборам по Санкт-Петербургу "Налоги", yyyyy 2003 г., N
			Текст XXX опубликован в Информационном бюллетене "Законодательные и нормативные документы в жилищно-коммунальном хозяйстве", ХХХХХ 2003 г., N
			Текст XXX опубликован в Информационном бюллетене "Здоровье населения и среда обитания", ХХХХХХ 2003 г., N
			Текст XXX опубликован в Информационном бюллетене "Нормирование в строительстве и ЖКХ", 2003 г., N
			Текст XXX опубликован в Информационном бюллетене "Нормирование, стандартизация и сертификация в строительстве", 2003 г., N
			Текст XXX опубликован в Информационном бюллетене Региональной энергетической комиссии г. Москвы от ХХ yyyyy 2003 г. N
			Текст XXX опубликован в Информационном бюллетене ФЭК РФ от ХХ yyyyy 2003 г. N
			Текст XXX опубликован в Информационном бюллетене о нормативной, методической и типовой проектной документации, январь 2003 г., выпуск N
			Текст XXX опубликован в Общероссийском информационном бюллетене "Законодательство и нормативные документы в жилищно-коммунальном хозяйстве", yyyyy 2003 г., N
		Ведомости, вестники
			Текст XXX опубликован в "Ведомостях Московской городской Думы", 2003 г., N
			Текст XXX опубликован в "Ведомостях Съезда народных депутатов Российской Федерации и Верховного Совета Российской Федерации" от ХХ ХХХХХХ 1992 г., N , ст. XXXX
			Текст XXX опубликован в Ведомостях съезда народных депутатов РСФСР и Верховного Совета РСФСР от XX yyyy 1991 г. N XX, ст.XXX
			Текст ХХХ опубликован в "Ведомостях Верховного Совета СССР и съезда народных депутатов СССР" от ХХ ХХХХХ 19ХХ г. № ХХ, ст.Х
			Текст XXX опубликован в "Вестнике Банка России" от XX yyyyy 2003 г. N
			Текст XXX опубликован в "Вестнике Высшего Арбитражного Суда Российской Федерации", 2003 г., N
			Текст XXX опубликован в "Вестнике Госатомнадзора России", 2003 г., N
			Текст XXX опубликован в "Вестнике Госстандарта России", 2003 г., N
			Текст XXX опубликован в "Вестнике Госэнергонадзора", 2003 г., N
			Текст XXX опубликован в "Вестнике Конституционного Суда Российской Федерации", 2003 г., N
			Текст XXX опубликован в "Вестнике Министерства Российской Федерации по антимонопольной политике и поддержке предпринимательства", 2003 г., N
			Текст XXX опубликован в "Вестнике Московского бухгалтера" от XX-XX yyyyy 2003 г. N
			Текст XXX опубликован в "Вестнике Московской областной Думы", yyyyy 2003 г., N
			Текст XXX опубликован в "Вестнике Мэра и Правительства Москвы", yyyyy 2003 г., N  (дата выхода номера в свет XX.XX.XXXX)
			Текст XXX опубликован в "Вестнике Пенсионного фонда России", 2003 г., N
			Текст XXX опубликован в "Вестнике Федеральной комиссии по рынку ценных бумаг" от XX yyyyy 2003 г. N
			Текст XXX опубликован в "Вестнике Федеральной службы России по финансовому оздоровлению и банкротству", 2003 г., N
			Текст XXX опубликован в "Вестнике Федеральной службы воздушного транспорта России", 2003 г., N
			Текст XXX опубликован в "Вестнике Центральной избирательной комиссии Российской Федерации", 2003 г., N
			Текст XXX опубликован в "Вестнике ассоциации российских банков", 2003 г., N
			Текст XXX опубликован в "Вестнике мэрии Москвы", yyyyy 2003 г., N
			Текст XXX опубликован в "Вестнике Управления ценообразования и сметного нормирования в строительстве и жилищно-коммунальном комплексе", 2003 г., выпуск N
			Текст XXX опубликован в "Экологическом вестнике России", 2003 г., N
			Текст XXX опубликован в "Экономическом вестнике фармации", ХХХХХ 2003 г., N
			Текст XXX опубликован в Ведомостях Верховного Совета СССР от ХХ yyyyy 19ХХ г. N ХХ, ст. ХХХ
			Текст XXX опубликован в Ведомостях Съезда народных депутатов СССР и Верховного Совета СССР от XX yyyyy 19XX г. N ХХ, ст.ХХХ
			Текст XXX опубликован в Информационном вестнике Совета глав государств и Совета глав правительств СНГ "Содружество", 2003 г., N
			Текст XXX опубликован в Информационном вестнике правительства Московской области, 2003 г., N
			Текст ТЕРрр приводится по официальному изданию Минкультуры России, РЦЦС СПб, 2003 г.
		Собрания, сборники
			Текст XXX опубликован в ИУС "Государственные стандарты", 2003 г., N
			Текст XXX опубликован в Сборнике документов и методических рекомендаций по вопросам сметного ценообразования в строительстве, выпуск 1, 2000 г.
			Текст XXX опубликован в Сборнике нормативно-правовых актов, регламентирующих рыбохозяйственную деятельность в РФ, ХХХХХ 2003 г., том N
			Текст XXX опубликован в Cборнике "Постановления Совета Министров РСФСР", декабрь 2003 г.
			Текст XXX опубликован в сборнике "Страховая деятельность", 2003 г., N
			Текст XXX опубликован в Собрании актов Президента и Правительства Российской Федерации от ХХ ХХХХХ 2003 г. N ХX ст. ХХХХ
			Текст XXX опубликован в Собрании законодательства Российской Федерации от XX yyyyy 2003 г. N XX ст. XXXX
			Текст XXX опубликован в Собрании постановлений Правительства РСФСР, 1990 г., N
			Текст XXX опубликован в Собрании постановлений Правительства СССР, 1990 г., N
			Текст XXX опубликован в официальном издании Госстроя России, ГУП ЦПП, 2001 г.
			Текст XXX опубликован в официальном издании Госстроя СССР, Москва, 1987 г.
			Текст XXX приводится по официальному изданиию Госстандарта России, ИПК Издательство стандартов, 2003 г.
			Текст XXX приводится по официальному изданию ГУВО МВД РФ, 1999 г.
			Текст XXX приводится по официальному изданию ГУГПС МЧС России, 2003 г.
			Текст XXX опубликован в официальном издании Минстроя России, ГУП ЦПП, 2001 г.
			Текст ХХХ приводится по официальному изданию Минздрава РФ, Москва, 2002 г.
			Текст ХХХ приводится по официальному изданию Комитета по архитектуре и градостроительству при Правительстве Москвы ГУП "НИАЦ", 1999 г.
			Текст XXX приводится по официальному изданию Федеральной дорожной службы России, ГУП ЦПП, Москва 2000
			Текст XXX опубликован в сборнике "Библиотечка "Российской газеты", 2003 г., Выпуск N ХХ
			Текст XXX опубликован в сборнике "Европейский Суд по правам человека: Избранные постановления 1999-2001 гг. и комментарии". Под ред. Ю.Ю. Берестнева и А.О. Ковтуна.- М.: Юрид.лит., 2002.
			Текст XXX опубликован в сборнике "Санитарные нормы для образовательных учреждений", 5-е издание, Москва 2003 г.		
			Текст XXX опубликован в сборнике "Ценные бумаги", 2003 г., N
			Текст XXX опубликован в сборнике законодательных актов и нормативных документов "Обязательное медицинское страхование в Российской Федерации", Москва 2003, том N
			Текст XXX опубликован в сборнике "Россия и Европейский Союз: Документы и материалы". - М.: Юрист, 2003. - С. 
			Текст ХХХ опубликован в официальном издании ВНИИПО МВД России, 1998
			Текст XXX опубликован в Справочнике специалиста по охране труда, yyyyyy 2003 г., № XX
			Текст XXX опубликован в справочном издании "Типовые штаты образовательных учреждений", Москва, 2002 г.
			Текст XXX опубликован в ИУС "Национальные стандарты", 2003 г., N 12
			Текст Справочника приводится по официальному изданию Минстроя РФ, Москва, 1996 г.
			Текст документа приводится по официальному изданию Госсанэпиднадзора РФ (М.: Федеральный центр госсанэпиднадзора Минздрава России, 2000.) 
			Текст опубликован в сборнике "Международное публичное право. Сборник документов ". Том 1. - М.; Издательство БЕК, 1996.
			Текст приводится по официальной копии МИД РФ
			Текст Порядка опубликован в официальном издании ГУП "НИАЦ", 1998 г.
			Текст ХХХ приводится по изданию Комитета по архитектуре и градостроительству правительства Москвы, 1996 г.
			Текст XXX приводится по изданию Минавтодора РСФСР, ГУП ЦПП, 2000 г.
			Текст XXX приводится по изданию Минтруда  РФ, Москва, 2003 г.
			Текст XXX приводится по официальному изданию Федеральной дорожной службы России, 2000 г.
		xxxxx
	Сайт
		Текст XXX размещен на сайте Администрации Московской области в Internet (http://www.mosreg.ru)
		Текст XXX размещен на сайте Агентства консультаций и деловой информации "Экономика и жизнь" в Internet (http://www.akdi.ru)
		Текст XXX размещен на сайте Банка России в Internet (http://www.cbr.ru)
		Текст XXX размещен на сайте Верховного Суда РФ в Internet (http://www.supcourt.ru)
		Текст XXX размещен на сайте Генеральной Прокуратуры РФ в Internet (http://www.gprf.info)
		Текст XXX размещен на сайте Госкомспорта РФ в Internet (http://www.goskomsport.ru) 
		Текст XXX размещен на сайте Госатомнадзора России в Internet (http://www.gan.ru)
		Текст XXX размещен на сайте Государственной службы дорожного хозяйства Минтранса РФ (Росавтодора) в Internet (http://www.fad.ru) 
		Текст XXX размещен на сайте Государственной службы речного флота Минтранса РФ (Росречфлота) в Internet (http://www.rechflot.mintrans.ru) 
		Текст XXX размещен на сайте Государственной службы Гражданской авиации Минтранса РФ в Internet (http://www.gsga.ru) 
		Текст XXX размещен на сайте Государственной Межведомственной Экспертной Комиссии по контрольно-кассовым машинам в Internet (http://www.gmek-kkm.ru)
		Текст XXX размещен на сайте Госстандарта РФ в Internet (http://www.gost.ru)
		Текст XXX размещен на сайте Госстроя России в Internet (http://www.gosstroy.gov.ru)
		Текст XXX размещен на сайте Департамента Госсанэпиднадзора Минздрава России в Internet (http://www.depart.drugreg.ru)
		Текст XXX размещен на сайте журнала "Российский налоговый курьер" в Internet (http://www.rnk.ru)
		Текст XXX размещен на сайте Инспекции негосударственных пенсионных фондов при Минтруда РФ в Internet (http://www.npfinsp2.narod.ru)
		Текст XXX размещен на сайте Комитета РФ по финансовому мониторингу в Internet (http://www.kfm.ru)
		Текст XXX размещен на сайте Министерства путей сообщения России в Internet (http://www.mps.ru)
		Текст XXX размещен на сайте Министерства природных ресурсов Российской Федерации в Internet (http://www.mnr.gov.ru/docs)
		Текст XXX размещен на сайте Министерства обороны РФ в Internet (http://www.mil.ru)
		Текст XXX размещен на сайте Министерства образования РФ в Internet (http://www.ed.gov.ru)
		Текст XXX размещен на сайте Министерства культуры РФ в Internet (http://www.mincult.isf.ru)
		Текст XXX размещен на сайте Министерства имущественных отношений РФ в Internet (http://www.mgi.ru
		Текст XXX размещен на сайте Министерства финансов РФ в Internet (http://www.minfin.ru)
		Текст XXX размещен на сайте Министерства РФ по налогам и сборам в Internet (http://www.nalog.ru)
		Текст XXX размещен на сайте Министерства Российской Федерации по связи и информатизации в Internet (http://www.minsvyaz.ru)
		Текст XXX размещен на сайте Министерства энергетики РФ в Internet (http://www.mte.gov.ru)
		Текст XXX размещен на сайте Минздрава РФ в Internet (http://www.mednet.ru)
		Текст XXX размещен на сайте Межрегионального Центра НПФ в Internet (http://www.mcnpf.ru)
		Текст XXX размещен на сайте Мэрии Москвы в Internet (http://www.mos.ru)
		Текст XXX размещен на сайте МПТР РФ в Internet (http://www.mptr.ru) 
		Текст XXX размещен на сайте ММВБ в Internet (www.micex.com)
		Текст XXX размещен на сайте МЦЦС Госстро России в Internet (http://www.mccs.ru)
		Текст XXX размещен на сайте ООН в Internet (http://www.un.org)
		Текст XXX размещен на сайте Правительства РФ в Internet (http://www.government.ru)
		Текст XXX размещен на сайте Территориального Фонда ОМС Томской области в Internet (http://www.ttfoms.tomsk.ru)
		Текст XXX размещен на сайте Управления Министерства РФ по налогам и сборам по г.Москве в Internet (http://www.mosnalog.ru)
		Текст XXX размещен на сайте Федеральной службы земельного кадастра России в Internet (http://www.goscomzem.ru)
		Текст XXX размещен на сайте Федерального Компьютерного Центра фондовых и товарных информационных технологий Мингосимущества России (ФТ-центр), правопреемника ГВЦ Госснаба СССР в Internet (http://www.db.ftcenter.ru)
		Текст XXX размещен на сайте Федерального Лицензионного Центра Госстро России в Internet (http://www.flc.ru)
		Текст XXX размещен на сайте ФКЦБ России в Internet (http://www.fedcom.ru)
		Текст XXX размещен на сайте Фонда социального страхования РФ в Internet (http://www.fss.ru)
		Текст XXX размещен на сайте Центральной избирательной комиссии РФ в Internet (http://www.fci.ru)
		Информация о статусе получена с официального сайте Международной Организации Труда в Internet (http://www.ilo.ru)
	Символы
		_____________________________
		 °
		 §
		 +-
		 >=
		 >
		 <
		 <=
		 Интеграл
		 Сумма
		 кв.корень
		~
		 sin
		 cos
		 tg
		 ctg
		 бесконечность
		 подобно
		 диаметр
		 радиус
	Греческий алфавит
		 альфа
		 бета
		 гамма
		 дельта
		 эпсилон
		 дзета
		 эта
		 тэта
		 иота
		 каппа
		 ламбда
		 мю
		 ню
		 кси
		 омикрон
		 пи
		 ро
		 сигма
		 тау
		 ипсилон
		 фи
		 хи
		 пси
		 омега
	Подписи
		 (Москва,    )
		 /подпись/
		 Зарегистрировано в Минюсте РФ  2004 г. Регистрационный N
		 Москва, Кремль "__" ____________ 2002 г. N _____
		 Официальный русский текст
		 Приложение к данному документу будет включено в следующую версию системы
		 Приложение не приводится
		Ванина
	Комментарии
		Документ не прошел корректорскую вычитку по официальному источнику
		Текст документа представлен в редакции, действующей на момент выхода версии справочной правовой системы
		Ввиду того, что технические средства не позволяют воспроизвести образцы подписей, приведенные  в оригинале документа, в Информационной базе они не приводятся
		На момент выхода версии документ официально опубликован не был
		По-видимому, в тексте предыдущего абзаца допущена опечатка. Дату и номер вышеназванной телетайпограммы следует читать как "ХХ ХХ"
		По-видимому, в тексте настоящего Федерального закона допущена опечатка. В статье ХХ Федерального закона от ХХ УУ ZZZZ года N ХХ уже есть пункт ХХ
		Зарегистрировано в Минюсте РФ ХХ уууу 2004 г. Регистрационный №
		Нумерация приводится в соответствии с источником
		Нумерация пунктов приводится в соответствии с источником
		По-видимому, в тексте предыдущего абзаца пропущена запятая. Имеется в виду "..."
		По-видимому, в ... настоящего документа, опубликованного в ..., пропущена часть текста
		По-видимому, в предыдущем абзаце пропущено последнее слово - "..."
		По заключению Минюста РФ от ХХ 2003 г. № ХХ настоящий приказ не нуждается в государственной регистрации.
		По заключению Минюста РФ от ХХ 2003 г. № ХХ настоящий приказ возвращен без государственной регистрации.
		По заключению Минюста РФ от ХХ 2003 г. № ХХ настоящему приказу отказано в государственной регистрации.
		Принят Государственной Думой
		Одобрен Советом Федерации
		См. графический объект " "
		Рисунок не приводится, может быть предоставлен по запросу пользователя
		Начало таблицы. (См. продолжение)
		Начало таблицы. (См. окончание)
		Окончание таблицы. (См. начало)
		Продолжение таблицы. (См. окончание)
		_____________________________
		См. текст XXX в предыдущей редакции
		Текст настоящ XXX в редакции от
		вступающие в силу с XX YYYYY 2003 г.
		См. статус настоящего Соглашения
		снят с рассмотрения ГД в связи с отзывом субъектом права законодательной инициативы
		постановлением N хххх-III ГД
		           текст законопроекта,
		Согласно XXX настоящ XXX с ХХ ХХХХХ 2003 г. будет действовать в новой редакции 
		           текст законопроекта, подготовленного ГД к чтению
		направлен в комитеты, комиссию ГД, депутатские объединения в ГД для внесения поправок протоколом N
		подписан Президентом РФ
		Согласно XXXXXXX по истечении одного месяца со дня его официального опубликования настоящее постановление будет действовать в новой редакции
		Разработана ЦППИ, НПП "Гарант - Сервис", ххх, 2004 г.
		Таможня
			См. ставки, действовавшие ранее
			ставки ввозных таможенных пошлин на отдельные товары позиции  изменены
			Ставки ввозных таможенных пошлин на товары позиции , действовавшие до вступления в силу
			Настоящий документ не является нормативным и обязателен для исполнения только в регионе деятельности таможенного органа, издавшего данный документ (см. письмо ГТК РФ от 19 февраля 2003 г. N 01-23/6696)
			Согласно    срок действия настоящего письма продлен
			изложен в новой редакции
			внесены изменения
			внесены изменения, вступающие в силу с 
			Настоящая телеграмма фактически прекратила действие, поскольку срок размещения товаров на СВХ ХХХ истек ХХ ХХХХ 2003 г.
			постановлением № хххх-III ГД
			Изменения вступают в силу
			Согласно постановлению ХХХХ по истечении одного месяца со дня его официального опубликования в течение 9 месяцев ставки ввозных таможенных пошлин на отдельные товары позиции ХХХХ будут действовать в новой редакции
			Согласно постановлению ХХХ по истечении одного месяца со дня его официального опубликования  ставки ввозных таможенных пошлин на отдельные товары позиции ХХХ будут действовать в новой редакции 
		xxxxx
		В настоящий документ внесены изменения следующими документами:
	Типы документов
		 Комментарии, разъяснения, схемы
			Комментарии, разъяснения, схемы\Комментарий\Книга
			Комментарии, разъяснения, схемы\Комментарий\Статья
			Комментарии, разъяснения, схемы\Комментарий\Материалы Интернет-конференции
			Комментарии, разъяснения, схемы\Комментарий\Бератор
			Комментарии, разъяснения, схемы\Комментарий\Библиография
			Комментарии, разъяснения, схемы\Комментарий\Бухгалтерские проводки
			Комментарии, разъяснения, схемы\Комментарий\Бухгалтерские проводки по новому Плану счетов
			Комментарии, разъяснения, схемы\Комментарий\Вопрос-ответ
			Комментарии, разъяснения, схемы\Комментарий\Справка
			Комментарии, разъяснения, схемы\Комментарий\Схемы
		Нормативно-техническая документация
			Нормативно-техническая документация\ВН
			Нормативно-техническая документация\ВНП
			Нормативно-техническая документация\ВНТП
			Нормативно-техническая документация\ВСН
			Нормативно-техническая документация\ВСП
			Нормативно-техническая документация\ГН
			Нормативно-техническая документация\ГОСТ
			Нормативно-техническая документация\ГСН
			Нормативно-техническая документация\ГСНр
			Нормативно-техническая документация\ГЭСН
			Нормативно-техническая документация\ГЭСНм
			Нормативно-техническая документация\ГЭСНп
			Нормативно-техническая документация\ГЭСНр
			Нормативно-техническая документация\ЕНиР
			Нормативно-техническая документация\МГСН
			Нормативно-техническая документация\МДС
			Нормативно-техническая документация\НПБ
			Нормативно-техническая документация\НПРМ
			Нормативно-техническая документация\ОСТ
			Нормативно-техническая документация\ПБ
			Нормативно-техническая документация\ППБ
			Нормативно-техническая документация\РД
			Нормативно-техническая документация\РДС
			Нормативно-техническая документация\РНИП
			Нормативно-техническая документация\РСН
			Нормативно-техническая документация\СанПиН
			Нормативно-техническая документация\СБЦ
			Нормативно-техническая документация\СН
			Нормативно-техническая документация\СНиП
			Нормативно-техническая документация\СНиР
			Нормативно-техническая документация\СП
			Нормативно-техническая документация\ТЕР
			Нормативно-техническая документация\ТОИ
			Нормативно-техническая документация\ТСН
			Нормативно-техническая документация\ФЕР
			Нормативно-техническая документация\ФЕРм
			Нормативно-техническая документация\ФЕРр
		 Форма документа
			Форма документа\Абонемент
			Форма документа\Аккредитив
			Форма документа\Акт
			Форма документа\Анкета
			Форма документа\Аттестат
			Форма документа\Баланс
			Форма документа\Бланк
			Форма документа\Бухгалтерская справка
			Форма документа\Ведомость
			Форма документа\Вкладыш
			Форма документа\Выписка
			Форма документа\Гарантийное письмо
			Форма документа\График
			Форма документа\Декларация
			Форма документа\Диплом
			Форма документа\Доверенность
			Форма документа\Договор
			Форма документа\Жалоба
			Форма документа\Журнал
			Форма документа\Завещание
			Форма документа\Заказ
			Форма документа\Заключение
			Форма документа\Записка
			Форма документа\Запрос
			Форма документа\Заявка
			Форма документа\Заявление
			Форма документа\Заявление исковое
			Форма документа\Извещение
			Форма документа\Инструкция
			Форма документа\Информация
			Форма документа\Карта
			Форма документа\Карточка
			Форма документа\Квитанция
			Форма документа\Книга
			Форма документа\Кодекс
			Форма документа\Контракт
			Форма документа\Лист
			Форма документа\Лицензия
			Форма документа\Накладная
			Форма документа\Наряд
			Форма документа\Номенклатура
			Форма документа\Обследование
			Форма документа\Объявление
			Форма документа\Обязательство
			Форма документа\Опись
			Форма документа\Определение
			Форма документа\Ордер
			Форма документа\Ответ
			Форма документа\Отказ
			Форма документа\Отчет
			Форма документа\Паспорт
			Форма документа\Письмо
			Форма документа\План
			Форма документа\Платежное поручение
			Форма документа\Платежное требование
			Форма документа\Повестка
			Форма документа\Подписка
			Форма документа\Подтверждение
			Форма документа\Положение
			Форма документа\Поручение
			Форма документа\Поручительство
			Форма документа\Постановление
			Форма документа\Правила
			Форма документа\Предложение
			Форма документа\Предписание
			Форма документа\Представление
			Форма документа\Претензия
			Форма документа\Приговор
			Форма документа\Приказ
			Форма документа\Программа
			Форма документа\Пропуск
			Форма документа\Протокол
			Форма документа\Путевка
			Форма документа\Разрешение
			Форма документа\Расписка
			Форма документа\Распоряжение
			Форма документа\Расчет
			Форма документа\Регистр
			Форма документа\Реестр
			Форма документа\Рецепт
			Форма документа\Решение
			Форма документа\Сведения
			Форма документа\Свидетельство
			Форма документа\Сертификат
			Форма документа\Смета
			Форма документа\Соглашение
			Форма документа\Сообщение
			Форма документа\Справка
			Форма документа\Судебный приказ
			Форма документа\Счет
			Форма документа\Счет-фактура
			Форма документа\Табель
			Форма документа\Таблица
			Форма документа\Талон
			Форма документа\Требование
			Форма документа\Уведомление
			Форма документа\Удостоверение
			Форма документа\Указание
			Форма документа\Устав
			Форма документа\Учредительный договор
			Форма документа\Ходатайство
			Форма документа\Штамп
		Акт
		Бухгалтерские проводки
		Бухгалтерские проводки по новому Плану счетов
		ВН
		ВНП
		ВНТП
		ВСН
		ВСП
		Выписка
		Гигиенические нормативы
		ГН
		ГОСТ
		ГСН
		ГСНр
		ГЭСН
		ГЭСНм
		ГЭСНп
		ГЭСНр
		Декларация
		Директива
		Доверенность
		Договор
		Договоренность
		Доклад
		ЕНиР
		Заключение
		Заключительный акт
		Закон
		Запрос
		Заявление
		Извещение
		Изменения и дополнения
		Инструктивные указания
		Инструкция
		Информация
		Классификатор
		Кодекс
		Коммюнике
		Конвенция
		Конституционный (Уставный) закон субъекта РФ
		Конституция
		Консульская конвенция
		Концепция
		МГСН
		МДС
		Меморандум
		Методика
		Методические рекомендации
		Методические указания
		Методическое пособие
		Наставление
		Номенклатура
		Нормативы
		Нормы
		Нота
		НПБ
		НПРМ
		Обзор
		Обращение
		Объявление
		Определение
		Основы законодательства
		ОСТ
		Отчет
		Пакт
		ПБ
		ПБУ
		Перечень
		Письмо
		План
		Подборка тематическая
		Положение
		Порядок
		Послание
		Пособие
		Постановление
		Пояснения к ТН ВЭД
		ППБ
		Правила
		Предписание
		Представление
		Прейскурант
		Приговор
		Приказ
		Программа
		Проект закона
		Протест
		Протокол
		Протокольная запись
		Протокольное решение
		Разъяснения
		Распоряжение
		Расчет
		РД
		РДС
		Регламент
		Реестр
		Резолюция
		Рекомендации
		Решение
		РНИП
		РСН
		Руководство
		СанПиН
		Сборник
		СБЦ
		Смета
		СН
		СНиП
		СНиР
		Соглашение
		Сообщение
		Состав
		СП
		Список
		Справочник
		Стандарт
		Статус
		Статут
		Схема
		Табель
		Тарифы
		Телеграмма
		ТЕР
		Технология
		ТОИ
		Требования
		ТСН
		Уведомление
		Указ
		Указание
		Условия
		Устав
		Учредительный договор
		Федеральный закон
		Федеральный конституционный закон
		ФЕР
		ФЕРм
		ФЕРр
		Хартия
	СРОЧНО
	АНОНС
	INTERNET
	ДВОЙНАЯ ВЫЧИТКА
	УСКОРИТЬ
	В ВЕРСИЮ
	СРАВНЕНИЕ К+
	+ РИСУНКИ 
