nsEmptyMainWindow-enCommon
enCommon-opExit
nsEmptyMainWindow-enHelp
enHelp-opHelpTopics
vcm_dmToolbarMenu-opCustomize
vcm_dmToolbarMenu-opLargeIcons
vcm_dmToolbarMenu-opFasten
vcmCustomizeToolsForm
vcm_dmTasksPanelMenu-opCustomize
vcm_dmTasksPanelMenu-enEdit
enEdit-opPaste
enEdit-opCopy
enEdit-opCut
enEdit-opDelete
mo_CommonPost-SavePostList
MyPostingList
mo_CommonPost-PostingToolBar
PostingToolBar-ptNewTheme
PostingToolBar-ptEditPosting
PostingToolBar-ptDeletePosting
PostingToolBar-SavePostList
PostingToolBar-SavePostListInt
slqtPostingOrder
mo_CommonPost-enFile
mo_CommonPost-enResult
enResult-opOkExt
enResult-opCancel
enResult-opClearAll
mo_CommonPost-enQuery
enQuery-opGetOldQuery
mo_CommonPost-enLogicOperation
enLogicOperation-opLogicOr
mo_CommonPost-enFilters
enFilters-opFiltersListOpen
mo_CommonPost-enFilter
enFilter-opNewFilter
enFilter-opUseFilter
astNone
mo_CommonPost-enEdit
enEdit-opDelete
mo_CommonPost-enAttribute
enAttribute-opLogicOr
enAttribute-opLogicOrShortcut
mo_CommonPost-enSelection
enSelection-opDropSelection
mo_CommonPost-enFolder
mo_CommonPost-enResult
enResult-opOk
mo_CommonPost-enTree
enTree-opExpandAll
enTree-opCollapseAll
enTree-opWrap
mo_CommonPost-enResult
enResult-opOk
enResult-opCancel
utPrintPreview
mo_CommonPost-enFile
enFile-opPrint
enFile-opPrintDialog
mo_CommonPost-enPreview
enPreview-opZoomIn
enPreview-opZoomOut
enPreview-opZoomWidth
enPreview-opZoomPage
mo_CommonPost-enResult
enResult-opOk
enResult-opCancel
sftNone
umNone
utqcPostingOrder
mo_CommonPost-enEdit
enEdit-opSelectAll
enEdit-opDeselect
enEdit-opCopy
enEdit-opPaste
enEdit-opUndo
enEdit-opRedo
enEdit-opDelete
enEdit-opCut
mo_CommonPost-enCardOperation
enCardOperation-opExpandCollapse
enCardOperation-opDeleteAll
enCardOperation-opCreateAttr
enCardOperation-opOpenTreeSelection
mo_CommonPost-enFile
enFile-opPrintDialog
enFile-opPrintPreview
