
 Start         Length     Name                   Class
 0001:00000000 00070204H .text                   CODE
 0002:00000000 0000174CH .data                   DATA
 0002:0000174C 00001D0DH .bss                    BSS


Detailed map of segments

 0001:00000000 00005093 C=CODE     S=.text    G=(none)   M=System   ACBP=A9
 0001:00005094 00000140 C=CODE     S=.text    G=(none)   M=SysInit  ACBP=A9
 0001:000051D4 00000078 C=CODE     S=.text    G=(none)   M=Types    ACBP=A9
 0001:0000524C 00000CCC C=CODE     S=.text    G=(none)   M=Windows  ACBP=A9
 0001:00005F18 00000038 C=CODE     S=.text    G=(none)   M=Messages ACBP=A9
 0001:00005F50 00000310 C=CODE     S=.text    G=(none)   M=SysConst ACBP=A9
 0001:00006260 00006740 C=CODE     S=.text    G=(none)   M=SysUtils ACBP=A9
 0001:0000C9A0 000007FB C=CODE     S=.text    G=(none)   M=VarUtils ACBP=A9
 0001:0000D19C 00005D1E C=CODE     S=.text    G=(none)   M=Variants ACBP=A9
 0001:00012EBC 00000120 C=CODE     S=.text    G=(none)   M=RTLConsts ACBP=A9
 0001:00012FDC 000007E8 C=CODE     S=.text    G=(none)   M=TypInfo  ACBP=A9
 0001:000137C4 00000338 C=CODE     S=.text    G=(none)   M=ActiveX  ACBP=A9
 0001:00013AFC 0000989E C=CODE     S=.text    G=(none)   M=Classes  ACBP=A9
 0001:0001D39C 000002C0 C=CODE     S=.text    G=(none)   M=Consts   ACBP=A9
 0001:0001D65C 0000B333 C=CODE     S=.text    G=(none)   M=Graphics ACBP=A9
 0001:00028990 00000048 C=CODE     S=.text    G=(none)   M=Math     ACBP=A9
 0001:000289D8 000002B8 C=CODE     S=.text    G=(none)   M=Contnrs  ACBP=A9
 0001:00028C90 000000F4 C=CODE     S=.text    G=(none)   M=CommCtrl ACBP=A9
 0001:00028D84 00000787 C=CODE     S=.text    G=(none)   M=MultiMon ACBP=A9
 0001:0002950C 00000038 C=CODE     S=.text    G=(none)   M=Imm      ACBP=A9
 0001:00029544 00000FF8 C=CODE     S=.text    G=(none)   M=HelpIntfs ACBP=A9
 0001:0002A53C 00000038 C=CODE     S=.text    G=(none)   M=WinSpool ACBP=A9
 0001:0002A574 00000048 C=CODE     S=.text    G=(none)   M=Printers ACBP=A9
 0001:0002A5BC 0000031F C=CODE     S=.text    G=(none)   M=FlatSB   ACBP=A9
 0001:0002A8DC 000001A4 C=CODE     S=.text    G=(none)   M=SyncObjs ACBP=A9
 0001:0002AA80 000009BB C=CODE     S=.text    G=(none)   M=UxTheme  ACBP=A9
 0001:0002B43C 00000038 C=CODE     S=.text    G=(none)   M=RichEdit ACBP=A9
 0001:0002B474 00000038 C=CODE     S=.text    G=(none)   M=ToolWin  ACBP=A9
 0001:0002B4AC 00000038 C=CODE     S=.text    G=(none)   M=ShellAPI ACBP=A9
 0001:0002B4E4 00000038 C=CODE     S=.text    G=(none)   M=RegStr   ACBP=A9
 0001:0002B51C 00000038 C=CODE     S=.text    G=(none)   M=WinInet  ACBP=A9
 0001:0002B554 00000038 C=CODE     S=.text    G=(none)   M=UrlMon   ACBP=A9
 0001:0002B58C 00000038 C=CODE     S=.text    G=(none)   M=ShlObj   ACBP=A9
 0001:0002B5C4 00000038 C=CODE     S=.text    G=(none)   M=CommDlg  ACBP=A9
 0001:0002B5FC 00000038 C=CODE     S=.text    G=(none)   M=Dlgs     ACBP=A9
 0001:0002B634 0000162D C=CODE     S=.text    G=(none)   M=Dialogs  ACBP=A9
 0001:0002CC64 00001456 C=CODE     S=.text    G=(none)   M=ExtCtrls ACBP=A9
 0001:0002E0BC 00000038 C=CODE     S=.text    G=(none)   M=ComStrs  ACBP=A9
 0001:0002E0F4 00000098 C=CODE     S=.text    G=(none)   M=Clipbrd  ACBP=A9
 0001:0002E18C 00000038 C=CODE     S=.text    G=(none)   M=StrUtils ACBP=A9
 0001:0002E1C4 00000101 C=CODE     S=.text    G=(none)   M=Buttons  ACBP=A9
 0001:0002E2C8 00000038 C=CODE     S=.text    G=(none)   M=ExtDlgs  ACBP=A9
 0001:0002E300 00000068 C=CODE     S=.text    G=(none)   M=IniFiles ACBP=A9
 0001:0002E368 00000068 C=CODE     S=.text    G=(none)   M=Registry ACBP=A9
 0001:0002E3D0 0000006C C=CODE     S=.text    G=(none)   M=Mapi     ACBP=A9
 0001:0002E43C 0000005C C=CODE     S=.text    G=(none)   M=ExtActns ACBP=A9
 0001:0002E498 00000038 C=CODE     S=.text    G=(none)   M=ListActns ACBP=A9
 0001:0002E4D0 000001C0 C=CODE     S=.text    G=(none)   M=ComCtrls ACBP=A9
 0001:0002E690 00000C44 C=CODE     S=.text    G=(none)   M=Themes   ACBP=A9
 0001:0002F2D4 000021C4 C=CODE     S=.text    G=(none)   M=StdCtrls ACBP=A9
 0001:00031498 0000017C C=CODE     S=.text    G=(none)   M=StdActns ACBP=A9
 0001:00031614 00000F13 C=CODE     S=.text    G=(none)   M=WinHelpViewer ACBP=A9
 0001:00032528 000158AF C=CODE     S=.text    G=(none)   M=Controls ACBP=A9
 0001:00047DD8 00001A0A C=CODE     S=.text    G=(none)   M=ActnList ACBP=A9
 0001:000497E4 00001BC4 C=CODE     S=.text    G=(none)   M=ImgList  ACBP=A9
 0001:0004B3A8 00008341 C=CODE     S=.text    G=(none)   M=Menus    ACBP=A9
 0001:000536EC 0000F548 C=CODE     S=.text    G=(none)   M=Forms    ACBP=A9
 0001:00062C34 00000060 C=CODE     S=.text    G=(none)   M=ComConst ACBP=A9
 0001:00062C94 000011B5 C=CODE     S=.text    G=(none)   M=ComObj   ACBP=A9
 0001:00063E4C 00000038 C=CODE     S=.text    G=(none)   M=StdVCL   ACBP=A9
 0001:00063E84 00001A93 C=CODE     S=.text    G=(none)   M=AxCtrls  ACBP=A9
 0001:00065918 00000060 C=CODE     S=.text    G=(none)   M=OleConst ACBP=A9
 0001:00065978 00003E35 C=CODE     S=.text    G=(none)   M=OleCtrls ACBP=A9
 0001:000697B0 00000BAA C=CODE     S=.text    G=(none)   M=OleServer ACBP=A9
 0001:0006A35C 00000B70 C=CODE     S=.text    G=(none)   M=ShockwaveFlashObjects_TLB ACBP=A9
 0001:0006AECC 00000048 C=CODE     S=.text    G=(none)   M=ZLibConst ACBP=A9
 0001:0006AF14 00004378 C=CODE     S=.text    G=(none)   M=ZLib     ACBP=A9
 0001:0006F28C 00000960 C=CODE     S=.text    G=(none)   M=ShockwaveEx ACBP=A9
 0001:0006FBEC 00000370 C=CODE     S=.text    G=(none)   M=ft1main  ACBP=A9
 0001:0006FF5C 000002A5 C=CODE     S=.text    G=(none)   M=flash1   ACBP=A9
 0002:00000000 0000009C C=DATA     S=.data    G=DGROUP   M=System   ACBP=A9
 0002:0000009C 00000020 C=DATA     S=.data    G=DGROUP   M=SysInit  ACBP=A9
 0002:000000BC 00000254 C=DATA     S=.data    G=DGROUP   M=SysUtils ACBP=A9
 0002:00000310 00000008 C=DATA     S=.data    G=DGROUP   M=VarUtils ACBP=A9
 0002:00000318 0000008E C=DATA     S=.data    G=DGROUP   M=Variants ACBP=A9
 0002:000003A8 0000000C C=DATA     S=.data    G=DGROUP   M=TypInfo  ACBP=A9
 0002:000003B4 00000010 C=DATA     S=.data    G=DGROUP   M=ActiveX  ACBP=A9
 0002:000003C4 00000064 C=DATA     S=.data    G=DGROUP   M=Classes  ACBP=A9
 0002:00000428 00000304 C=DATA     S=.data    G=DGROUP   M=Graphics ACBP=A9
 0002:0000072C 00000004 C=DATA     S=.data    G=DGROUP   M=Printers ACBP=A9
 0002:00000730 000000B4 C=DATA     S=.data    G=DGROUP   M=Dialogs  ACBP=A9
 0002:000007E4 00000178 C=DATA     S=.data    G=DGROUP   M=ExtCtrls ACBP=A9
 0002:0000095C 0000002C C=DATA     S=.data    G=DGROUP   M=Buttons  ACBP=A9
 0002:00000988 00000008 C=DATA     S=.data    G=DGROUP   M=IniFiles ACBP=A9
 0002:00000990 00000008 C=DATA     S=.data    G=DGROUP   M=Registry ACBP=A9
 0002:00000998 00000008 C=DATA     S=.data    G=DGROUP   M=Mapi     ACBP=A9
 0002:000009A0 00000018 C=DATA     S=.data    G=DGROUP   M=ComCtrls ACBP=A9
 0002:000009B8 00000068 C=DATA     S=.data    G=DGROUP   M=Themes   ACBP=A9
 0002:00000A20 00000018 C=DATA     S=.data    G=DGROUP   M=StdCtrls ACBP=A9
 0002:00000A38 0000013C C=DATA     S=.data    G=DGROUP   M=Controls ACBP=A9
 0002:00000B74 00000020 C=DATA     S=.data    G=DGROUP   M=ImgList  ACBP=A9
 0002:00000B94 000000EC C=DATA     S=.data    G=DGROUP   M=Menus    ACBP=A9
 0002:00000C80 0000011C C=DATA     S=.data    G=DGROUP   M=Forms    ACBP=A9
 0002:00000D9C 00000030 C=DATA     S=.data    G=DGROUP   M=ComObj   ACBP=A9
 0002:00000DCC 0000002C C=DATA     S=.data    G=DGROUP   M=OleCtrls ACBP=A9
 0002:00000DF8 00000064 C=DATA     S=.data    G=DGROUP   M=ShockwaveFlashObjects_TLB ACBP=A9
 0002:00000E5C 00000488 C=DATA     S=.data    G=DGROUP   M=ZLib     ACBP=A9
 0002:00002000 00000664 C=BSS      S=.bss     G=DGROUP   M=System   ACBP=A9
 0002:00002664 00000010 C=BSS      S=.bss     G=DGROUP   M=SysInit  ACBP=A9
 0002:00002674 00000004 C=BSS      S=.bss     G=DGROUP   M=Types    ACBP=A9
 0002:00002678 00000004 C=BSS      S=.bss     G=DGROUP   M=Windows  ACBP=A9
 0002:0000267C 00000004 C=BSS      S=.bss     G=DGROUP   M=Messages ACBP=A9
 0002:00002680 00000004 C=BSS      S=.bss     G=DGROUP   M=SysConst ACBP=A9
 0002:00002684 00000120 C=BSS      S=.bss     G=DGROUP   M=SysUtils ACBP=A9
 0002:000027A4 0000005C C=BSS      S=.bss     G=DGROUP   M=VarUtils ACBP=A9
 0002:00002800 00000040 C=BSS      S=.bss     G=DGROUP   M=Variants ACBP=A9
 0002:00002840 00000004 C=BSS      S=.bss     G=DGROUP   M=RTLConsts ACBP=A9
 0002:00002844 00000004 C=BSS      S=.bss     G=DGROUP   M=TypInfo  ACBP=A9
 0002:00002848 00000004 C=BSS      S=.bss     G=DGROUP   M=ActiveX  ACBP=A9
 0002:0000284C 00000040 C=BSS      S=.bss     G=DGROUP   M=Classes  ACBP=A9
 0002:0000288C 00000004 C=BSS      S=.bss     G=DGROUP   M=Consts   ACBP=A9
 0002:00002890 00000060 C=BSS      S=.bss     G=DGROUP   M=Graphics ACBP=A9
 0002:000028F0 00000004 C=BSS      S=.bss     G=DGROUP   M=Math     ACBP=A9
 0002:000028F4 00000004 C=BSS      S=.bss     G=DGROUP   M=Contnrs  ACBP=A9
 0002:000028F8 00000004 C=BSS      S=.bss     G=DGROUP   M=CommCtrl ACBP=A9
 0002:000028FC 00000031 C=BSS      S=.bss     G=DGROUP   M=MultiMon ACBP=A9
 0002:00002930 00000004 C=BSS      S=.bss     G=DGROUP   M=Imm      ACBP=A9
 0002:00002934 00000008 C=BSS      S=.bss     G=DGROUP   M=HelpIntfs ACBP=A9
 0002:0000293C 00000004 C=BSS      S=.bss     G=DGROUP   M=WinSpool ACBP=A9
 0002:00002940 00000004 C=BSS      S=.bss     G=DGROUP   M=Printers ACBP=A9
 0002:00002944 00000034 C=BSS      S=.bss     G=DGROUP   M=FlatSB   ACBP=A9
 0002:00002978 00000004 C=BSS      S=.bss     G=DGROUP   M=SyncObjs ACBP=A9
 0002:0000297C 000000CC C=BSS      S=.bss     G=DGROUP   M=UxTheme  ACBP=A9
 0002:00002A48 00000004 C=BSS      S=.bss     G=DGROUP   M=RichEdit ACBP=A9
 0002:00002A4C 00000004 C=BSS      S=.bss     G=DGROUP   M=ToolWin  ACBP=A9
 0002:00002A50 00000004 C=BSS      S=.bss     G=DGROUP   M=ShellAPI ACBP=A9
 0002:00002A54 00000004 C=BSS      S=.bss     G=DGROUP   M=RegStr   ACBP=A9
 0002:00002A58 00000004 C=BSS      S=.bss     G=DGROUP   M=WinInet  ACBP=A9
 0002:00002A5C 00000004 C=BSS      S=.bss     G=DGROUP   M=UrlMon   ACBP=A9
 0002:00002A60 00000004 C=BSS      S=.bss     G=DGROUP   M=ShlObj   ACBP=A9
 0002:00002A64 00000004 C=BSS      S=.bss     G=DGROUP   M=CommDlg  ACBP=A9
 0002:00002A68 00000004 C=BSS      S=.bss     G=DGROUP   M=Dlgs     ACBP=A9
 0002:00002A6C 00000038 C=BSS      S=.bss     G=DGROUP   M=Dialogs  ACBP=A9
 0002:00002AA4 00000004 C=BSS      S=.bss     G=DGROUP   M=ExtCtrls ACBP=A9
 0002:00002AA8 00000004 C=BSS      S=.bss     G=DGROUP   M=ComStrs  ACBP=A9
 0002:00002AAC 0000000C C=BSS      S=.bss     G=DGROUP   M=Clipbrd  ACBP=A9
 0002:00002AB8 00000004 C=BSS      S=.bss     G=DGROUP   M=StrUtils ACBP=A9
 0002:00002ABC 00000030 C=BSS      S=.bss     G=DGROUP   M=Buttons  ACBP=A9
 0002:00002AEC 00000004 C=BSS      S=.bss     G=DGROUP   M=ExtDlgs  ACBP=A9
 0002:00002AF0 00000004 C=BSS      S=.bss     G=DGROUP   M=IniFiles ACBP=A9
 0002:00002AF4 00000004 C=BSS      S=.bss     G=DGROUP   M=Registry ACBP=A9
 0002:00002AF8 00000004 C=BSS      S=.bss     G=DGROUP   M=Mapi     ACBP=A9
 0002:00002AFC 00000009 C=BSS      S=.bss     G=DGROUP   M=ExtActns ACBP=A9
 0002:00002B08 00000004 C=BSS      S=.bss     G=DGROUP   M=ListActns ACBP=A9
 0002:00002B0C 00000010 C=BSS      S=.bss     G=DGROUP   M=ComCtrls ACBP=A9
 0002:00002B1C 00000008 C=BSS      S=.bss     G=DGROUP   M=Themes   ACBP=A9
 0002:00002B24 00000004 C=BSS      S=.bss     G=DGROUP   M=StdCtrls ACBP=A9
 0002:00002B28 00000004 C=BSS      S=.bss     G=DGROUP   M=StdActns ACBP=A9
 0002:00002B2C 00000014 C=BSS      S=.bss     G=DGROUP   M=WinHelpViewer ACBP=A9
 0002:00002B40 00000080 C=BSS      S=.bss     G=DGROUP   M=Controls ACBP=A9
 0002:00002BC0 00000004 C=BSS      S=.bss     G=DGROUP   M=ActnList ACBP=A9
 0002:00002BC4 0000000C C=BSS      S=.bss     G=DGROUP   M=ImgList  ACBP=A9
 0002:00002BD0 00000010 C=BSS      S=.bss     G=DGROUP   M=Menus    ACBP=A9
 0002:00002BE0 00000020 C=BSS      S=.bss     G=DGROUP   M=Forms    ACBP=A9
 0002:00002C00 00000004 C=BSS      S=.bss     G=DGROUP   M=ComConst ACBP=A9
 0002:00002C04 00000011 C=BSS      S=.bss     G=DGROUP   M=ComObj   ACBP=A9
 0002:00002C18 00000004 C=BSS      S=.bss     G=DGROUP   M=StdVCL   ACBP=A9
 0002:00002C1C 0000001C C=BSS      S=.bss     G=DGROUP   M=AxCtrls  ACBP=A9
 0002:00002C38 00000004 C=BSS      S=.bss     G=DGROUP   M=OleConst ACBP=A9
 0002:00002C3C 00000014 C=BSS      S=.bss     G=DGROUP   M=OleCtrls ACBP=A9
 0002:00002C50 00000004 C=BSS      S=.bss     G=DGROUP   M=OleServer ACBP=A9
 0002:00002C54 00000004 C=BSS      S=.bss     G=DGROUP   M=ShockwaveFlashObjects_TLB ACBP=A9
 0002:00002C58 00000004 C=BSS      S=.bss     G=DGROUP   M=ZLibConst ACBP=A9
 0002:00002C5C 000010A4 C=BSS      S=.bss     G=DGROUP   M=ZLib     ACBP=A9
 0002:00003D00 00000004 C=BSS      S=.bss     G=DGROUP   M=ShockwaveEx ACBP=A9
 0002:00003D04 00000008 C=BSS      S=.bss     G=DGROUP   M=ft1main  ACBP=A9


  Address         Publics by Name

 0002:000012B0       ..
 0002:00000E5C       ..
 0001:0006BE10       ..
 0002:00000ED0       ..
 0002:00002C60       ..
 0002:0000117C       ..
 0002:00001238       ..
 0002:00002C1C       .02
 0002:00002C00       .1
 0002:0000288C       .1
 0002:0000291C       .1
 0002:00002C58       .1
 0002:00002840       .1
 0002:000028F8       .1
 0002:00002A64       .1
 0002:00002A60       .1
 0002:00002A5C       .1
 0002:00002AA8       .1
 0002:00002A58       .1
 0002:00002A54       .1
 0002:00002A50       .1
 0002:00002930       .1
 0002:00002AB8       .1
 0002:00002C18       .1
 0002:00002A48       .1
 0002:00002680       .1
 0002:0000266C       .1
 0002:00002A38       .1
 0002:00002AF8       .1
 0002:00002674       .1
 0002:00002964       .1
 0002:0000267C       .1
 0002:00002C38       .1
 0002:00002B34       .1
 0002:00002A68       .1
 0002:00002A6C       .11
 0002:00002AA4       .12
 0002:00002894       .12
 0002:000028F0       .2
 0002:00002934       .2
 0002:00002B1C       .2
 0002:00002AB0       .2
 0002:00003D00       .2
 0002:00003D08       .2
 0002:000028F4       .21
 0002:00002848       .3
 0002:00002C50       .3
 0002:0000293C       .3
 0002:00002AEC       .3
 0002:00002678       .3
 0002:00002BC4       .3
 0002:00002940       .3
 0002:00002794       .35
 0002:00002B0C       .36
 0002:00002C54       .4
 0002:00002ABC       .4
 0002:00002A4C       .4
 0002:00002BE8       .41
 0002:00002C04       .41
 0002:00002858       .45
 0002:000027FC       .5
 0002:00002C4C       .5
 0002:000025BC       .5
 0002:00002AF4       .5
 0002:00002B24       .52
 0002:00002978       .6
 0002:00002844       .6
 0002:00002C5C       .7
 0002:00002B48       .72
 0002:00002AFC       .72
 0002:00002B28       .73
 0002:00002B08       .8
 0002:00002AF0       .8
 0002:00002BC0       .8
 0002:00002820       .81
 0002:00002BD8       .9
 0001:00001B20       @AbstractError
 0001:00002668       @AfterConstruction
 0001:0000249C       @AsClass
 0001:0000303C       @Assert
 0001:00001C88       @AStrCmp
 0001:00002678       @BeforeDestruction
 0001:00002224       @BoundErr
 0001:000024E8       @CallDynaInst
 0001:00004AD0       @CheckAutoResult
 0001:00002610       @ClassCreate
 0001:00002660       @ClassDestroy
 0001:00001B90       @Close
 0001:000018DC       @Copy
 0001:00003D84       @CopyArray
 0001:00003C68       @CopyRecord
 0001:00003EF0       @DispCallByIDError
 0001:0000DCC0       @DispInvokeError
 0001:00003E8C       @Dispose
 0001:00002AF4       @DoneExcept
 0001:00004350       @DynArrayAsg
 0001:00004314       @DynArrayClear
 0001:00004154       @DynArrayHigh
 0001:0000414C       @DynArrayLength
 0001:00004308       @DynArraySetLength
 0001:00002BDC       @ExceptionHandler
 0001:00001CF8       @FillChar
 0001:00003C44       @Finalize
 0001:00003B58       @FinalizeArray
 0001:00003B0C       @FinalizeRecord
 0001:00002500       @FindDynaInst
 0001:00002218       @FpuInit
 0001:00002154       @FpuMaskInit
 0001:00001764       @FreeMem
 0001:00001744       @GetMem
 0001:0000510C       @GetTls
 0001:00003024       @Halt
 0001:00002F4C       @Halt0
 0001:0000278C       @HandleAnyException
 0001:00002A40       @HandleFinally
 0001:000028B8       @HandleOnException
 0001:00005158       @InitExe
 0001:00003B00       @Initialize
 0001:00003A6C       @InitializeArray
 0001:00003A3C       @InitializeRecord
 0001:00002E10       @InitImports
 0001:00002DE8       @InitResStringImports
 0001:00002DC4       @InitResStrings
 0001:00004A34       @IntfAddRef
 0001:00004A04       @IntfCast
 0001:000049C0       @IntfClear
 0001:000049D8       @IntfCopy
 0001:0000222C       @IntOver
 0001:00002478       @IsClass
 0001:00002124       @isNECWindows
 0001:0000350C       @LStrAddRef
 0001:00003080       @LStrArrayClr
 0001:000030B0       @LStrAsg
 0001:00003324       @LStrCat
 0001:00003368       @LStrCat3
 0001:000033DC       @LStrCatN
 0001:0000305C       @LStrClr
 0001:00003468       @LStrCmp
 0001:0000357C       @LStrCopy
 0001:000035BC       @LStrDelete
 0001:000032CC       @LStrFromArray
 0001:00003244       @LStrFromChar
 0001:00003254       @LStrFromPChar
 0001:0000314C       @LStrFromPCharLen
 0001:00003284       @LStrFromPWChar
 0001:000031B8       @LStrFromPWCharLen
 0001:000032C0       @LStrFromString
 0001:000032E4       @LStrFromWStr
 0001:00003604       @LStrInsert
 0001:000030F4       @LStrLAsg
 0001:0000331C       @LStrLen
 0001:0000370C       @LStrOfChar
 0001:00003660       @LStrPos
 0001:000036A8       @LStrSetLength
 0001:0000351C       @LStrToPChar
 0001:000032F8       @LStrToString
 0001:00003E78       @New
 0001:00003120       @NewAnsiString
 0001:00003740       @NewWideString
 0001:00012404       @OleVarFromLStr
 0001:000124C0       @OleVarFromVar
 0001:00001E38       @Pow10
 0001:00001C04       @PStrCmp
 0001:00001BE8       @PStrNCpy
 0001:00002AA0       @RaiseAgain
 0001:00002A78       @RaiseExcept
 0001:00001784       @ReallocMem
 0001:00001AF0       @ROUND
 0001:00003030       @RunError
 0001:00001E1C       @SetEq
 0001:00002D84       @StartExe
 0001:00000324       @strlen
 0001:00001AFC       @TRUNC
 0001:00002B24       @TryFinallyExit
 0001:00003574       @UniqueStringA
 0001:00003F1C       @ValInt64
 0001:00001D18       @ValLong
 0001:00012610       @VarAddRef
 0001:0000E5A0       @VarCast
 0001:0000DFAC       @VarClear
 0001:0000DFC0       @VarClr
 0001:00003B40       @VarClr
 0001:0000E2D4       @VarCopy
 0001:00003C50       @VarCopy
 0001:000122E4       @VarFromBool
 0001:00012170       @VarFromByte
 0001:00012334       @VarFromCurr
 0001:0001228C       @VarFromCurrency
 0001:000122B8       @VarFromDate
 0001:000123D8       @VarFromDisp
 0001:00012260       @VarFromDouble
 0001:00012114       @VarFromInt
 0001:00012210       @VarFromInt64
 0001:00012150       @VarFromInteger
 0001:000123AC       @VarFromIntf
 0001:000121B0       @VarFromLongWord
 0001:00012348       @VarFromLStr
 0001:0001230C       @VarFromReal
 0001:000121D0       @VarFromShortInt
 0001:0001223C       @VarFromSingle
 0001:000121F0       @VarFromSmallInt
 0001:00012320       @VarFromTDateTime
 0001:00012190       @VarFromWord
 0001:00012374       @VarFromWStr
 0001:0000DD14       @VarNull
 0001:0000FA24       @VarToBoolean
 0001:0000EE64       @VarToByte
 0001:00010BE8       @VarToCurrency
 0001:00010680       @VarToDate
 0001:00012068       @VarToDisp
 0001:0000FF2C       @VarToDouble
 0001:0000F428       @VarToInt64
 0001:0000E964       @VarToInteger
 0001:00011F9C       @VarToIntf
 0001:0000F0DC       @VarToLongWord
 0001:0001129C       @VarToLStr
 0001:0000EDB4       @VarToShortInt
 0001:000102A8       @VarToSingle
 0001:0000EF0C       @VarToSmallInt
 0001:0000F004       @VarToWord
 0001:000119C4       @VarToWStr
 0001:00003780       @WStrArrayClr
 0001:000037A4       @WStrAsg
 0001:000038E0       @WStrCatN
 0001:00003768       @WStrClr
 0001:00003928       @WStrCmp
 0001:000039AC       @WStrCopy
 0001:000038B4       @WStrFromLStr
 0001:000037C8       @WStrFromPCharLen
 0001:00003878       @WStrFromPWChar
 0001:00003854       @WStrFromPWCharLen
 0001:000038D4       @WStrLen
 0001:000039F8       @WStrSetLength
 0001:000038C4       @WStrToPWChar
 0001:00001DF8       @_CLenToPasStr
 0001:00001DEC       @_CToPasStr
 0001:000018AC       @_IOTest
 0001:00003EF8       @_llmul
 0001:00035280       AbsMin
 0001:0000ABC8       AbstractErrorHandler
 0002:0000202C       AbstractErrorProc
 0002:00000140       AccessMode
 0001:00001814       AcquireExceptionObject
 0001:00015F18       ActivateClassGroup
 0001:00005788       ActivateKeyboardLayout
 0002:00002B7C       ActiveDrag
 0001:00013AF4       ActiveX
 0001:000497B4       ActnList
 0001:00000450       AddBlockAfter
 0002:000003C4       AddDataModule
 0001:00006E88       AddExitProc
 0001:0001902C       AddFinished
 0001:0004D37C       AddIn
 0001:00004864       AddModuleUnloadProc
 0001:00004854       AddModuleUnloadProc
 0001:00019064       AddNotFinished
 0001:000526E4       AddOle2
 0001:00019A88       AddSubComponentsToLoaded
 0001:00021AC0       AdjustColor
 0001:00055F88       Adjustment
 0001:00005790       AdjustWindowRectEx
 0001:0006C79C       adler32
 0002:00000A20       Alignments
 0002:00000C68       Alignments
 0002:00000C58       Alignments
 0001:0005F214       AlignWork
 0001:0003C768       AlignWork
 0001:0001D17C       AllocateHWnd
 0001:00006E3C       AllocMem
 0002:000025B4       AllocMemCount
 0002:000025B8       AllocMemSize
 0001:00028778       AllocPatternBitmap
 0001:000050B4       AllocTlsBuffer
 0002:00000A44       AnchorAlign
 0002:00000A38       AnimateWindowProc
 0002:00000B40       AnimationStyle
 0001:00007068       AnsiCompareStr
 0001:000070A0       AnsiCompareText
 0001:000076B0       AnsiLastChar
 0001:00005798       AnsiLower
 0001:00007034       AnsiLowerCase
 0001:0000B57C       AnsiLowerCaseFileName
 0001:0000B544       AnsiPos
 0001:000534EC       AnsiSameCaption
 0001:000070D8       AnsiSameText
 0001:000070F0       AnsiStrLIComp
 0001:0000B608       AnsiStrPos
 0001:0000B6A8       AnsiStrRScan
 0001:0000B6D0       AnsiStrScan
 0001:00004E50       AnsiToUtf8
 0001:00007000       AnsiUpperCase
 0001:00011F24       AnyToIntf
 0001:00008B34       AppendChars
 0001:00008EF8       AppendFormat
 0001:00008B98       AppendNumber
 0001:00008B78       AppendString
 0002:00002BE0       Application
 0002:000003D4       ApplicationHandleException
 0002:000003DC       ApplicationShowException
 0002:00000D94       AppVisible
 0001:0000ABAC       AssertErrorHandler
 0002:00002024       AssertErrorProc
 0001:0001328C       AssignLongStr
 0001:00013630       AssignVariant
 0002:0000260C       avail
 0001:000658F4       AxCtrls
 0001:00007820       BackfillGetDiskFreeSpaceEx
 0001:00038D94       BackgroundClipped
 0001:0000CC30       BackupVarBoolFromStr
 0001:0000CD90       BackupVarBStrFromBool
 0001:0000CCB0       BackupVarBStrFromCy
 0001:0000CD20       BackupVarBStrFromDate
 0001:0000CBC4       BackupVarCyFromStr
 0001:0000CB58       BackupVarDateFromStr
 0001:0000CA14       BackupVarI4FromStr
 0001:0000C9C0       BackupVariantChangeTypeEx
 0001:0000CA80       BackupVarR4FromStr
 0001:0000CAEC       BackupVarR8FromStr
 0001:0000B1A0       Beep
 0001:00016270       BeginGlobalLoading
 0001:000057A0       BeginPaint
 0001:00021AE8       BetterSize
 0001:0004E5A0       BiDiDraw
 0001:00005558       BitBlt
 0002:0000095C       BitBtnCaptions
 0002:00002AC0       BitBtnGlyphs
 0002:000006E0       BitmapCanvasList
 0002:000028AC       BitmapImageLock
 0001:0000C9FC       BiUnimplemented
 0002:000003FC       BlockCode
 0002:000025E4       blockDescBlockList
 0002:000025E8       blockDescFreeList
 0002:000003A8       BooleanIdents
 0002:00000324       BooleanToStringRule
 0001:00007548       BoolToStr
 0001:00011024       BoolToWStrViaOS
 0001:000051F8       Bounds
 0001:00015170       Bounds
 0002:00000C00       Breaks
 0002:000028E4       BrushManager
 0001:00051B48       BuildImage
 0002:0000078C       ButtonCaptions
 0002:00000DF0       ButtonMap
 0002:00000760       ButtonNames
 0001:0002E2A0       Buttons
 0002:00000C7C       Buttons
 0002:00000A30       ButtonStyles
 0002:00002A78       ButtonWidths
 0001:00021030       BytesPerScanline
 0001:0002152C       ByteSwapColors
 0001:0000B284       ByteToCharIndex
 0001:0000B25C       ByteToCharLen
 0001:0000B220       ByteType
 0001:0000B1A8       ByteTypeTest
 0002:00002BC8       CachedComCtrlVer
 0001:0001D0B8       CalcJmpOffset
 0001:00046E5C       CalcSplitterPos
 0001:00067600       CallEventMethod
 0001:000057A8       CallNextHookEx
 0001:0000BED0       CallTerminateProcs
 0001:000057B0       CallWindowProc
 0001:000365E8       CancelDrag
 0002:00002B90       CanvasList
 0002:000028E8       CanvasList
 0002:00000738       Captions
 0002:00000AFC       CaptureControl
 0002:00000BA0       cBooleanToItemAutoFlag
 0001:0006B158       CCheck
 0002:00000E08       CControlData
 0002:00000DF8       CEventDispIDs
 0002:00002AAE       CF_COMPONENT
 0002:00002AAC       CF_PICTURE
 0002:00002818       ChangeAnyProc
 0001:000344DC       ChangeBiDiModeAlignment
 0001:0000317C       CharFromWChar
 0001:0000B458       CharLength
 0001:000057B8       CharLowerBuff
 0001:000057C0       CharNext
 0001:000002A4       CharNext
 0001:0001F34C       CharsetToIdent
 0001:0000B36C       CharToByteIndex
 0001:0000B3D0       CharToByteLen
 0001:000057C8       CharToOemA
 0001:000057D0       CharUpperBuff
 0001:000222C0       CheckBool
 0001:00002708       CheckJmp
 0001:000057D8       CheckMenuItem
 0002:00000BF0       Checks
 0001:00019AC4       CheckSubComponents
 0001:0001BE90       CheckSynchronize
 0001:00055808       CheckTaskWindow
 0001:0003626C       CheckUndock
 0001:0000B094       CheckWin32Version
 0002:00000328       CInvalidCustomVariantType
 0002:00000BA4       cItemAutoFlagToBoolean
 0002:00000B9C       cItemAutoFlagToMenu
 0001:0001D308       Classes
 0001:00063018       ClassIDToProgID
 0001:00015C90       ClassNotFound
 0002:00002814       ClearAnyProc
 0001:0001EB1C       ClearColor
 0001:00063B2C       ClearExcepInfo
 0001:0001294C       ClearVariantTypeList
 0001:000057E0       ClientToScreen
 0001:000434DC       ClientToWindow
 0002:000006D8       ClipboardFormats
 0001:0002E130       Clipbrd
 0001:000057E8       CloseClipboard
 0001:00005560       CloseEnhMetaFile
 0001:00005330       CloseHandle
 0002:00002980       CloseThemeData
 0002:00002040       CmdLine
 0002:0000203C       CmdShow
 0002:00000B98       cMenuAutoFlagToItem
 0001:0000CA08       CmpUnimplemented
 0002:00000DA4       CoAddRefServerProcess
 0001:00013A60       CoCreateInstance
 0002:00000D9C       CoCreateInstanceEx
 0001:00013A58       CoGetClassObject
 0002:00000DB4       CoInitFlags
 0001:00013A48       CoInitialize
 0002:00000DA0       CoInitializeEx
 0002:00000458       Colors
 0001:0001F0E4       ColorToIdent
 0002:000007E4       ColorToPretyName
 0001:0001F0B4       ColorToRGB
 0002:00002C0C       ComClassManagerVar
 0001:00062C8C       ComConst
 0002:00002B18       ComCtlVersion
 0001:0002E684       ComCtrls
 0002:00002BDC       CommandPool
 0001:00028D7C       CommCtrl
 0001:0002B5F4       CommDlg
 0001:00000730       Commit
 0002:00002628       committedRoot
 0001:00063DF4       ComObj
 0001:0004C6C8       CompareFront
 0001:00006F68       CompareMem
 0001:00006F38       CompareStr
 0001:00005338       CompareString
 0001:00006F88       CompareText
 0001:00007470       CompareWith
 0001:00019BA4       ComponentCreated
 0001:00021F7C       ComputeAldusChecksum
 0001:0002E0EC       ComStrs
 0001:0001D654       Consts
 0001:00028C88       Contnrs
 0002:00002B4E       ControlAtom
 0002:00002B54       ControlAtomString
 0001:0005BE34       ControlHasHelp
 0001:00047D48       Controls
 0001:0000A5B4       ConvertAddr
 0001:00008C88       ConvertEraString
 0001:00006E18       ConvertErrorFmt
 0001:00008DF0       ConvertYearString
 0001:0000415C       CopyArray
 0001:00025344       CopyBitmap
 0001:00025A40       CopyBitmapAsMask
 0001:00005568       CopyEnhMetaFile
 0001:000259CC       CopyPalette
 0002:000009BC       Copyright
 0001:00050700       CopyToBest
 0002:00000DA8       CoReleaseServerProcess
 0002:00000DAC       CoResumeClassObjects
 0002:00000DB0       CoSuspendClassObjects
 0001:00013A78       CoTaskMemFree
 0001:00013A50       CoUninitialize
 0001:0000B2DC       CountChars
 0002:000028C4       CounterLock
 0002:0000032C       CRangeToType
 0001:0000AAF0       CreateAssertException
 0001:0000AC78       CreateAVObject
 0001:00005570       CreateBitmap
 0001:00005578       CreateBrushIndirect
 0001:00063044       CreateComObject
 0001:00005580       CreateCompatibleBitmap
 0001:00005588       CreateCompatibleDC
 0001:00019C24       CreateComponent
 0001:00005598       CreateDIBitmap
 0001:00005590       CreateDIBSection
 0001:000055A0       CreateEnhMetaFile
 0001:00005340       CreateEvent
 0001:00005348       CreateFile
 0001:000055A8       CreateFontIndirect
 0001:000055B0       CreateHalftonePalette
 0001:000057F0       CreateIcon
 0001:0000AA1C       CreateInOutError
 0001:000057F8       CreateMenu
 0001:0002C230       CreateMessageDialog
 0001:000055B8       CreatePalette
 0001:000055C0       CreatePenIndirect
 0001:00005800       CreatePopupMenu
 0001:0006307C       CreateRemoteComObject
 0001:000055C8       CreateSolidBrush
 0001:00013A98       CreateStreamOnHGlobal
 0001:00021584       CreateSystemPalette
 0001:00005350       CreateThread
 0001:00005D90       CreateWindow
 0001:00005D38       CreateWindowEx
 0002:00000A3C       CreationControl
 0002:00000730       CreationControl
 0002:00000394       CRelationshipToBoolean
 0002:00000310       CResult
 0002:00000138       cSimpleBoolStrs
 0002:00000340       CText
 0002:00000B38       Ctl3DStyles
 0002:00002620       curAlloc
 0002:0000268C       CurrencyDecimals
 0002:00002688       CurrencyFormat
 0002:00002684       CurrencyString
 0001:00008B20       CurrentYear
 0001:000086B8       CurrToStr
 0001:00010FB4       CurrToWStrViaOS
 0002:00000D18       CursorMap
 0002:00000A4C       Cursors
 0001:00034858       CursorToIdent
 0002:00000D08       cUseAlpha
 0002:00000D10       cUseColorKey
 0001:000071C4       CvtInt
 0001:00007230       CvtInt64
 0002:00000178       CWNear
 0002:0000268D       DateSeparator
 0001:00009708       DateTimeToStr
 0001:000096AC       DateTimeToString
 0001:00008778       DateTimeToTimeStamp
 0001:00010FEC       DateToWStrViaOS
 0001:00008AF8       DayOfWeek
 0001:0006B1B8       DCheck
 0002:00000174       DCon10
 0002:00000454       DDBsOnly
 0001:0001D230       DeallocateHWnd
 0002:00000028       DebugHook
 0002:0000268B       DecimalSeparator
 0001:00008AD8       DecodeDate
 0001:0000898C       DecodeDateFully
 0001:0000882C       DecodeTime
 0001:000007C4       Decommit
 0001:00000DE0       DecommitFree
 0002:000025FC       decommittedRoot
 0001:00060234       Default
 0001:00058F44       Default
 0002:00000020       Default8087CW
 0002:00000A40       DefaultDockTreeClass
 0002:000025C0       DefaultUserCodePage
 0002:000006A8       DefBrushData
 0002:00000428       DefFontData
 0001:00005808       DefFrameProc
 0002:00000204       DefLongDayNames
 0002:000001B8       DefLongMonthNames
 0001:00005810       DefMDIChildProc
 0002:00000688       DefPenData
 0002:000001E8       DefShortDayNames
 0002:00000188       DefShortMonthNames
 0001:00005818       DefWindowProc
 0001:000043A8       DelayLoadResourceModule
 0001:00000480       DeleteBlock
 0001:00005358       DeleteCriticalSection
 0001:000003F0       DeleteCriticalSection
 0001:000055D0       DeleteDC
 0001:000055D8       DeleteEnhMetaFile
 0001:00000C28       DeleteFree
 0001:00005820       DeleteMenu
 0001:000055E0       DeleteObject
 0001:00024DCC       DeselectBitmap
 0001:00005828       DestroyCursor
 0001:00005830       DestroyIcon
 0001:0002E1C4       DestroyLocals
 0001:00005838       DestroyMenu
 0001:00005840       DestroyWindow
 0001:00032144       DialogEnumerationTester
 0001:0002CC20       Dialogs
 0002:000006E4       DIBPalSizes
 0002:0000008C       dig
 0001:000555F4       DisableTaskWindows
 0001:00063540       DispatchInvoke
 0001:00063B20       DispatchInvokeError
 0001:00005848       DispatchMessage
 0001:0005D50C       DispatchShortCut
 0001:00063B3C       DispCall
 0001:00063C20       DispCallByID
 0002:00002000       DispCallByIDProc
 0001:00063A4C       DispCallError
 0002:00000DDC       DispIDArgs
 0002:00000DCC       DispParams
 0001:00006DFC       DivMod
 0001:0002B62C       Dlgs
 0001:0005F080       DoAlign
 0001:0003C5B0       DoAlign
 0001:00041C84       DoCalcConstraints
 0002:00002B84       DockSiteList
 0001:000516B4       DoClick
 0001:0003E30C       DoControlMsg
 0001:0006AD6C       DoCreate
 0001:00055584       DoDisableWindow
 0001:00035A3C       DoDragOver
 0001:00006E5C       DoExitProc
 0001:000446C0       DoFindControlZone
 0001:00055700       DoFindWindow
 0001:00044EE8       DoFindZone
 0001:00044764       DoForEach
 0001:000469A4       DoGetNextLimit
 0001:00055548       DoneApplication
 0001:00047A88       DoneControls
 0001:0000AFA4       DoneExceptions
 0001:0005AFE0       DoNestedActivation
 0001:0001BE50       DoneThreadSynchronization
 0001:0005EDEC       DoPosition
 0001:0003C094       DoPosition
 0001:00045C54       DoPrune
 0001:00046318       DoSaveZone
 0001:0004656C       DoSetNewBounds
 0002:000003B0       DotSep
 0001:000170A4       DoWrite
 0001:00023464       DoWrite
 0001:0004AB58       DoWrite
 0001:00022598       DoWrite
 0001:0003D69C       DoWriteDesignSize
 0001:0003A45C       DoWriteIsControl
 0002:00002B68       DragCapture
 0002:00002B5C       DragControl
 0001:000362EC       DragDone
 0001:000359D0       DragFindTarget
 0001:0003598C       DragFindWindow
 0002:00002B80       DragImageList
 0001:00035EA8       DragInit
 0001:00036078       DragInitControl
 0002:00002B64       DragInternalObject
 0001:000358AC       DragMessage
 0002:00002B60       DragObject
 0002:00002B8C       DragSave
 0002:00002B74       DragSaveCursor
 0002:00002B6C       DragStartPos
 0002:00002B78       DragThreshold
 0001:00035B5C       DragTo
 0001:00060270       DrawAppIcon
 0001:0004DA2C       DrawBrush
 0001:000455C0       DrawCloseButton
 0001:00005850       DrawEdge
 0001:00005858       DrawFrameControl
 0001:00045634       DrawGrabberLine
 0001:00005860       DrawIcon
 0001:00005868       DrawIconEx
 0002:00000B74       DrawingStyles
 0001:00005870       DrawMenuBar
 0001:00053238       DrawMenuItem
 0001:00005878       DrawText
 0002:00002984       DrawThemeBackground
 0002:000029A8       DrawThemeEdge
 0002:000029AC       DrawThemeIcon
 0002:00002A30       DrawThemeParentBackground
 0002:00002988       DrawThemeText
 0001:00020E88       DupBits
 0001:00004174       DynArrayClear
 0001:0000417C       DynArraySetLength
 0002:00000C60       EdgeStyle
 0002:00000B28       EdgeStyles
 0001:0000A9F0       EHeapException.FreeInstance
 0001:00005880       EmptyClipboard
 0002:00002800       EmptyParam
 0002:00002C3C       EmptyParam
 0002:000000BC       EmptyStr
 0002:000000C0       EmptyWideStr
 0001:00005888       EnableMenuItem
 0002:00000BF8       Enables
 0001:00005890       EnableScrollBar
 0001:000556AC       EnableTaskWindows
 0002:00002A18       EnableThemeDialogTexture
 0002:00002A34       EnableTheming
 0001:00005898       EnableWindow
 0001:000162F8       EndGlobalLoading
 0001:000058A0       EndPaint
 0001:00005360       EnterCriticalSection
 0001:000003E0       EnterCriticalSection
 0001:00005368       EnumCalendarInfoA
 0002:00002918       EnumDisplayMonitors
 0001:0000A228       EnumEraNames
 0001:0000A264       EnumEraYearOffsets
 0001:000595D0       EnumMonitorsProc
 0001:000058A8       EnumThreadWindows
 0001:000193D4       EnumValue
 0001:000058B0       EnumWindows
 0001:00062F20       EOleException.Create
 0001:00062E50       EOleSysError.Create
 0001:000058B8       EqualRect
 0002:00002754       EraNames
 0001:00009980       EraToYear
 0002:00002770       EraYearOffsets
 0002:00000064       errCaption
 0001:000018A0       Error
 0001:0004C328       Error
 0001:00018BB8       Error
 0001:00015804       Error
 0002:00000004       ErrorAddr
 0001:00001854       ErrorAt
 0001:0000AA9C       ErrorHandler
 0002:00000220       ErrorMap
 0002:00002008       ErrorProc
 0002:000023E8       ErrOutput
 0001:000017F4       ExceptAddr
 0002:0000200C       ExceptClsProc
 0001:0000AF10       ExceptHandler
 0001:0000A81C       Exception.Create
 0001:0000A858       Exception.CreateFmt
 0001:0000A9A8       Exception.CreateHelp
 0001:0000A8D8       Exception.CreateRes
 0001:0000A914       Exception.CreateResFmt
 0002:0000201C       ExceptionClass
 0001:0000A5C0       ExceptionErrorMessage
 0002:00000258       ExceptMap
 0001:000017D4       ExceptObject
 0002:00002010       ExceptObjProc
 0002:00002004       ExceptProc
 0001:000055E8       ExcludeClipRect
 0002:00000000       ExitCode
 0001:00002E90       ExitDll
 0002:00002048       ExitProc
 0001:000002AC       ExitProcess
 0002:00002028       ExitProcessProc
 0002:00000134       ExitProcList
 0001:000077E4       ExpandFileName
 0001:0002E48C       ExtActns
 0001:0002E08C       ExtCtrls
 0001:0002E2F8       ExtDlgs
 0001:0000779C       ExtractFileExt
 0001:00007764       ExtractFileName
 0001:00007730       ExtractFilePath
 0002:00002790       FalseBoolStrs
 0002:00002AB4       FClipboard
 0002:00000168       FCon1E18
 0001:000076A8       FileClose
 0001:000075EC       FileCreate
 0001:00007610       FileCreate
 0002:000006DC       FileFormats
 0002:00000008       FileMode
 0001:00007594       FileOpen
 0001:00007618       FileRead
 0002:000003EC       FilerSignature
 0001:00007670       FileSeek
 0001:00007644       FileWrite
 0001:00000D10       FillAfterGap
 0001:00000CBC       FillBeforeGap
 0001:00000DA8       FillerSizeAfterGap
 0001:00000D38       FillerSizeBeforeGap
 0001:000058C0       FillRect
 0001:00047CE0       Finalization
 0001:00049784       Finalization
 0001:0006FF5C       Finalization
 0001:0006FF24       Finalization
 0001:0006FB9C       Finalization
 0001:0000C7A0       Finalization
 0001:0006F254       Finalization
 0001:0004B370       Finalization
 0001:00004F6C       Finalization
 0001:0000519C       Finalization
 0001:00005214       Finalization
 0001:00032454       Finalization
 0001:0000D15C       Finalization
 0001:0006AEDC       Finalization
 0001:000315DC       Finalization
 0001:0006AE94       Finalization
 0001:00031460       Finalization
 0001:0002F284       Finalization
 0001:0002E60C       Finalization
 0001:0006A310       Finalization
 0001:0002E498       Finalization
 0001:00069720       Finalization
 0001:00006228       Finalization
 0001:0002E43C       Finalization
 0001:00005F18       Finalization
 0001:00005EE0       Finalization
 0001:00065940       Finalization
 0001:0002E3E4       Finalization
 0001:0002E380       Finalization
 0001:00065894       Finalization
 0001:0002E318       Finalization
 0001:00063E4C       Finalization
 0001:0002E2C8       Finalization
 0001:00063D74       Finalization
 0001:0002E268       Finalization
 0001:0002E18C       Finalization
 0001:0002E0F4       Finalization
 0001:000535F4       Finalization
 0001:0002E0BC       Finalization
 0001:0002E044       Finalization
 0001:0002CBC4       Finalization
 0001:0002B5FC       Finalization
 0001:0002B5C4       Finalization
 0001:00012D98       Finalization
 0001:00062C5C       Finalization
 0001:00012FA4       Finalization
 0001:0002B58C       Finalization
 0001:0002B554       Finalization
 0001:0001376C       Finalization
 0001:00062B94       Finalization
 0001:0002B51C       Finalization
 0001:0002B4E4       Finalization
 0001:0002B4AC       Finalization
 0001:0002B474       Finalization
 0001:00013AC4       Finalization
 0001:0002B43C       Finalization
 0001:0002B3CC       Finalization
 0001:0002AA48       Finalization
 0001:0002A89C       Finalization
 0001:0002A574       Finalization
 0001:0001D258       Finalization
 0001:0002A53C       Finalization
 0001:0001D624       Finalization
 0001:0002A4F4       Finalization
 0001:0002950C       Finalization
 0001:000294CC       Finalization
 0001:00028D4C       Finalization
 0001:00028C58       Finalization
 0001:000289A0       Finalization
 0001:000287C0       Finalization
 0001:0000416C       FinalizeArray
 0001:00002CC4       FinalizeUnits
 0001:0005183C       Find
 0001:00051368       Find
 0001:00004418       FindBS
 0001:00015D50       FindClass
 0001:000043A0       FindClassHInstance
 0001:000002BC       FindClose
 0001:00000C8C       FindCommitted
 0001:00034600       FindControl
 0001:000451A0       FindControlAtPos
 0001:00012BF0       FindCustomVariantType
 0001:00012CA8       FindCustomVariantType
 0001:00036650       FindDragTarget
 0001:000518DC       FindEnabledItemByShortCut
 0001:00019DD4       FindExistingComponent
 0001:000002C4       FindFirstFile
 0001:00055868       FindGlobalComponent
 0001:00016188       FindGlobalComponent
 0002:00002864       FindGlobalComponentProcs
 0001:00004378       FindHInstance
 0001:00016030       FindIdentToInt
 0002:00002A74       FindMsg
 0001:00018F64       FindNestedComponent
 0001:0004C2D8       FindPopupControl
 0001:0000CE24       FindProc
 0001:00005370       FindResource
 0001:000043F0       FindResourceHInstance
 0001:00062224       FindScanline
 0001:00055778       FindTopMostWindow
 0001:0001ACB8       FindUniqueName
 0001:00036600       FindVCLWindow
 0001:000058C8       FindWindow
 0001:000321A8       FindWinHelp
 0001:000252D4       FixupBitFields
 0002:00000C70       Flags
 0002:000027A0       FLanguages
 0001:000701BC       flash1
 0001:0002A8CC       FlatSB
 0002:00002944       FlatSB_EnableScrollBar
 0002:00002950       FlatSB_GetScrollInfo
 0002:00002954       FlatSB_GetScrollPos
 0002:0000294C       FlatSB_GetScrollRange
 0002:0000295C       FlatSB_SetScrollInfo
 0002:00002958       FlatSB_SetScrollPos
 0001:0002A5BC       FlatSB_SetScrollProp
 0002:00002960       FlatSB_SetScrollRange
 0002:00002948       FlatSB_ShowScrollBar
 0001:00008348       FloatToDecimal
 0001:00008688       FloatToStr
 0001:00008074       FloatToText
 0001:00001B84       Flush
 0002:0000017C       FMSecsPerDay
 0001:00007F70       FmtStr
 0002:00000C8C       FocusCount
 0002:00000C88       FocusMessages
 0002:000005F8       FontCharsets
 0002:000028DC       FontManager
 0001:000661D4       FontToOleFont
 0001:00055834       ForegroundTask
 0002:00003D04       Form1
 0001:00007F5C       Format
 0002:00000184       Format
 0001:00007B64       FormatBuf
 0001:00007B58       FormatClearStr
 0001:00007ADC       FormatError
 0002:00000160       FormatErrorStrs
 0001:00005378       FormatMessage
 0001:00007B34       FormatVarToStr
 0001:00062BF0       Forms
 0001:00001E30       FPower10
 0002:0000072C       FPrinter
 0001:000058D0       FrameRect
 0001:0000C380       FreeAndNil
 0001:000009F8       FreeCommitted
 0001:00000F18       FreeCurAlloc
 0001:00036768       FreeDeviceContext
 0001:0003687C       FreeDeviceContexts
 0001:0001D024       FreeIntConstList
 0001:00005380       FreeLibrary
 0001:000002CC       FreeLibrary
 0001:00066744       FreeList
 0001:00024D18       FreeMemoryContexts
 0001:0001D158       FreeObjectInstance
 0001:00005390       FreeResource
 0001:00000678       FreeSpace
 0001:0000BEEC       FreeTerminateProcs
 0001:0002AA80       FreeThemeLibrary
 0002:00002B14       FRichEditModule
 0001:0006FF54       ft1main
 0001:00020E64       GDICheck
 0001:00020DB8       GDIError
 0001:00001AE8       Get8087CW
 0001:00005398       GetACP
 0001:00013AA8       GetActiveObject
 0001:000058D8       GetActiveWindow
 0001:0005F620       GetAnimation
 0001:0002BAEC       GetAveCharSize
 0001:000055F0       GetBitmapBits
 0001:000003F8       GetBlockDesc
 0001:000055F8       GetBrushOrgEx
 0001:000058E0       GetCapture
 0001:00034968       GetCaptureControl
 0001:00015CFC       GetClass
 0001:000058E8       GetClassInfo
 0001:000058F0       GetClassName
 0001:000058F8       GetClientRect
 0001:00005900       GetClipboardData
 0001:00022EA0       GetClipboardFormats
 0001:00005600       GetClipBox
 0001:00000394       GetCmdShow
 0001:00049980       GetColor
 0001:0002E570       GetComCtlVersion
 0001:000002D4       GetCommandLine
 0001:00000844       GetCommitted
 0001:000008D4       GetCommittedAt
 0001:000053A8       GetComputerName
 0001:0003DD68       GetControlAtPos
 0001:00008BE4       GetCount
 0001:000053A0       GetCPInfo
 0001:00005608       GetCurrentPositionEx
 0001:000053B0       GetCurrentProcessId
 0002:00002A28       GetCurrentThemeName
 0001:000053B8       GetCurrentThreadId
 0001:00000384       GetCurrentThreadId
 0001:00005CAC       GetCurrentTime
 0001:00005908       GetCursor
 0001:00062238       GetCursorHeightMargin
 0001:00005910       GetCursorPos
 0001:00008C10       GetDate
 0001:000053C0       GetDateFormat
 0001:00009898       GetDateOrder
 0001:00005918       GetDC
 0001:00005920       GetDCEx
 0001:00005610       GetDCOrgEx
 0001:00028320       GetDefFontCharSet
 0001:00005928       GetDesktopWindow
 0001:00005628       GetDeviceCaps
 0001:0002228C       GetDIB
 0001:00005618       GetDIBColorTable
 0001:00005620       GetDIBits
 0001:000221A8       GetDIBSizes
 0001:00020FF4       GetDInColors
 0001:000053C8       GetDiskFreeSpaceA
 0002:00000130       GetDiskFreeSpaceEx
 0001:00046ABC       GetDockAlign
 0001:000356CC       GetDockSiteAtPos
 0001:00035A8C       GetDropCtl
 0001:000024B8       GetDynaMethod
 0001:00005630       GetEnhMetaFileBits
 0001:00005638       GetEnhMetaFileDescription
 0001:00005640       GetEnhMetaFileHeader
 0001:00005648       GetEnhMetaFilePaletteEntries
 0001:00013014       GetEnumNameValue
 0001:00013060       GetEnumValue
 0001:0000A2DC       GetEraNamesAndYearOffsets
 0001:0000992C       GetEraYearOffset
 0001:00013AB0       GetErrorInfo
 0001:0000AC60       GetExceptionClass
 0001:0000AE44       GetExceptionObject
 0001:00015C84       GetFieldClassTable
 0001:00022E74       GetFileFormats
 0001:0000B0B4       GetFileVersion
 0001:00005540       GetFileVersionInfo
 0001:00005548       GetFileVersionInfoSize
 0001:00005930       GetFocus
 0001:0006434C       GetFontAccess
 0001:0001F39C       GetFontData
 0001:00005938       GetForegroundWindow
 0001:0000B970       GetFormatSettings
 0001:000053D0       GetFullPathName
 0001:0001E760       GetHashCode
 0001:0005BE84       GetHelpInfo
 0001:0002998C       GetHelpSystem
 0001:0005F3B8       GetHint
 0001:0005F408       GetHintControl
 0001:00053430       GetHotkey
 0001:00005940       GetIconInfo
 0001:000638B8       GetIDsOfNames
 0001:00005958       GetKeyboardLayout
 0001:00005960       GetKeyboardLayoutList
 0001:00005968       GetKeyboardState
 0001:0000211C       GetKeyboardType
 0001:00005948       GetKeyNameText
 0001:00005950       GetKeyState
 0001:00005970       GetLastActivePopup
 0001:000442B8       GetLastChildZone
 0001:000053D8       GetLastError
 0001:0000A0A0       GetLocaleChar
 0001:000053E8       GetLocaleInfo
 0001:000002DC       GetLocaleInfo
 0001:0000A054       GetLocaleStr
 0001:000053E0       GetLocalTime
 0001:00034908       GetLongHint
 0001:00005978       GetMenu
 0001:0005BDE0       GetMenuHelpContext
 0001:00005980       GetMenuItemCount
 0001:00005988       GetMenuItemID
 0001:00005990       GetMenuItemInfo
 0001:0004F21C       GetMenuSize
 0001:00005998       GetMenuState
 0001:000059A0       GetMenuString
 0001:000059A8       GetMessageTime
 0001:000002E4       GetModuleFileName
 0001:000053F0       GetModuleFileName
 0001:000053F8       GetModuleHandle
 0001:00005094       GetModuleHandle
 0001:000002EC       GetModuleHandle
 0002:0000290C       GetMonitorInfo
 0002:00002910       GetMonitorInfoA
 0002:00002914       GetMonitorInfoW
 0001:0000A104       GetMonthDayNames
 0001:000059B0       GetNextWindow
 0001:00005650       GetObject
 0001:0006440C       GetOleFont
 0001:000644CC       GetOlePicture
 0001:00013134       GetOrdProp
 0001:0006143C       GetOwnerWindow
 0001:00005658       GetPaletteEntries
 0001:00001980       GetParamStr
 0001:000059B8       GetParent
 0001:00055AA4       GetParentForm
 0001:000643AC       GetPictureAccess
 0001:00005660       GetPixel
 0001:000002F4       GetProcAddress
 0001:00005400       GetProcAddress
 0001:000059C0       GetProp
 0001:000130C4       GetPropInfo
 0001:000560E4       GetRealScrollPosition
 0001:00049944       GetRGBColor
 0001:000059C8       GetScrollInfo
 0001:000059D0       GetScrollPos
 0001:000059D8       GetScrollRange
 0001:000348A8       GetShortHint
 0001:0000059C       GetSpace
 0001:00000600       GetSpaceAt
 0001:0004C3B4       GetSpecialName
 0001:000002FC       GetStartupInfo
 0001:0000027C       GetStdHandle
 0001:00005408       GetStdHandle
 0001:00005668       GetStockObject
 0001:00005410       GetStringTypeEx
 0001:000059E0       GetSubMenu
 0001:000059E8       GetSysColor
 0001:000059F0       GetSysColorBrush
 0001:00005418       GetSystemInfo
 0001:000059F8       GetSystemMenu
 0001:00005A00       GetSystemMetrics
 0002:000028FC       GetSystemMetrics
 0001:00005670       GetSystemPaletteEntries
 0001:00005680       GetTextExtentPoint
 0001:00005678       GetTextExtentPoint32
 0001:00005688       GetTextMetrics
 0002:00002A20       GetThemeAppProperties
 0002:0000298C       GetThemeBackgroundContentRect
 0002:00002990       GetThemeBackgroundExtent
 0002:000029A0       GetThemeBackgroundRegion
 0002:000029C4       GetThemeBool
 0002:000029B8       GetThemeColor
 0002:00002A2C       GetThemeDocumentationProperty
 0002:000029CC       GetThemeEnumValue
 0002:000029EC       GetThemeFilename
 0002:000029D4       GetThemeFont
 0002:000029C8       GetThemeInt
 0002:000029E0       GetThemeIntList
 0002:000029DC       GetThemeMargins
 0002:000029BC       GetThemeMetric
 0002:00002994       GetThemePartSize
 0002:000029D0       GetThemePosition
 0002:000029E4       GetThemePropertyOrigin
 0002:000029D8       GetThemeRect
 0002:000029C0       GetThemeString
 0002:000029F8       GetThemeSysBool
 0002:000029F0       GetThemeSysColor
 0002:000029F4       GetThemeSysColorBrush
 0002:00002A00       GetThemeSysFont
 0002:00002A08       GetThemeSysInt
 0002:000029FC       GetThemeSysSize
 0002:00002A04       GetThemeSysString
 0002:00002998       GetThemeTextExtent
 0002:0000299C       GetThemeTextMetrics
 0001:00000304       GetThreadLocale
 0001:00005420       GetThreadLocale
 0001:00005428       GetTickCount
 0001:00008C48       GetTime
 0001:000050C0       GetTlsSize
 0001:0005FE2C       GetTopMostWindows
 0001:00034AC0       GetTopParent
 0001:00005A08       GetTopWindow
 0001:00013008       GetTypeData
 0001:00005430       GetUserDefaultLCID
 0001:0000038C       GetVersion
 0001:00005438       GetVersion
 0001:00005440       GetVersionEx
 0001:00005A10       GetWindow
 0001:00005A18       GetWindowDC
 0001:00005A20       GetWindowLong
 0001:00005698       GetWindowOrgEx
 0001:00005A28       GetWindowPlacement
 0001:00005A30       GetWindowRect
 0001:00005A38       GetWindowText
 0002:00002A14       GetWindowTheme
 0001:00005A48       GetWindowThreadProcessId
 0001:00005A40       GetWindowThreadProcessId
 0001:00005690       GetWinMetaFileBits
 0001:00005448       GlobalAddAtom
 0001:00005450       GlobalAlloc
 0001:00005CB8       GlobalAllocPtr
 0001:00005458       GlobalDeleteAtom
 0001:00005460       GlobalFindAtom
 0002:00002868       GlobalFixupList
 0001:000190AC       GlobalFixupReferences
 0001:00005468       GlobalFree
 0001:00005CE4       GlobalFreePtr
 0001:00005478       GlobalHandle
 0001:00005470       GlobalLock
 0002:0000284C       GlobalNameSpace
 0001:00005480       GlobalReAlloc
 0001:00005CC8       GlobalReAllocPtr
 0001:00005488       GlobalSize
 0001:00005490       GlobalUnlock
 0001:00028894       Graphics
 0001:00015EC4       GroupDescendentsWith
 0001:00062FEC       GUIDToString
 0002:000003B4       GUID_NULL
 0001:0000DC3C       HandleConversionException
 0001:0005C12C       HandleEdge
 0001:0001A510       HandleException
 0001:00064308       HandleException
 0002:00000024       HeapAllocFlags
 0002:000025C8       heapErrorCode
 0002:000025CC       heapLock
 0001:0002A534       HelpIntfs
 0002:00002938       HelpManager
 0002:00002A70       HelpMsg
 0002:00002B38       HelpViewer
 0002:00002B3C       HelpViewerIntf
 0002:0000012C       HexDisplayPrefix
 0001:00046B48       HideZone
 0001:00065254       HIMETRICtoDP
 0002:00002668       HInstance
 0002:00002BF4       HintDoneEvent
 0001:0005F504       HintGetMsgHook
 0002:00002BF8       HintHook
 0001:0005F4A4       HintMouseThread
 0002:00002BFC       HintThread
 0002:00002BF0       HintThreadID
 0001:0005F450       HintTimerProc
 0002:00000C80       HintWindowClass
 0002:000029A4       HitTestThemeBackground
 0001:0005F548       HookHintHooks
 0001:00005DE8       HwndMSWheel
 0002:00000C14       IBreaks
 0002:00000C20       IChecks
 0002:0000074C       IconIDs
 0002:00000C28       IDefaults
 0001:0001F374       IdentToCharset
 0001:0001F10C       IdentToColor
 0001:00034880       IdentToCursor
 0001:000160AC       IdentToInt
 0002:00000C30       IEnables
 0001:000506BC       IfHotkeyAvailable
 0002:00002BCC       ImageListWriteExProc
 0001:00028CA8       ImageList_Add
 0001:00028CC8       ImageList_AddIcon
 0001:00028CEC       ImageList_BeginDrag
 0001:00028C90       ImageList_Create
 0001:00028C98       ImageList_Destroy
 0001:00028CFC       ImageList_DragEnter
 0001:00028D04       ImageList_DragLeave
 0001:00028D0C       ImageList_DragMove
 0001:00028D1C       ImageList_DragShowNolock
 0001:00028CD4       ImageList_Draw
 0001:00028CDC       ImageList_DrawEx
 0001:00028CF4       ImageList_EndDrag
 0001:00028CC0       ImageList_GetBkColor
 0001:00028D24       ImageList_GetDragImage
 0001:00028D3C       ImageList_GetIconSize
 0001:00028CA0       ImageList_GetImageCount
 0001:00028D2C       ImageList_Read
 0001:00028CE4       ImageList_Remove
 0001:00028CB0       ImageList_ReplaceIcon
 0001:00028CB8       ImageList_SetBkColor
 0001:00028D14       ImageList_SetDragCursorImage
 0001:00028D44       ImageList_SetIconSize
 0001:00028D34       ImageList_Write
 0002:00000B84       Images
 0001:0004B3A0       ImgList
 0001:0002953C       Imm
 0002:00000B68       IMM32DLL
 0001:00047A5C       Imm32IsIME
 0002:00000180       IMSecsPerDay
 0001:0000DFC8       InBounds
 0001:0000DD28       InBounds
 0001:0000B504       IncludeTrailingPathDelimiter
 0001:0000DFF8       Increment
 0001:0000DD58       Increment
 0001:0006B6C4       inflate
 0001:0006B510       inflateEnd
 0001:0006B698       inflateInit_
 0001:00005A50       InflateRect
 0001:0006B4A4       inflateReset
 0001:0006CB4C       inflate_blocks
 0001:0006DE04       inflate_blocks_free
 0001:0006CAA4       inflate_blocks_new
 0001:0006C9D4       inflate_blocks_reset
 0001:0006DEF8       inflate_codes
 0001:0006EBD0       inflate_codes_free
 0001:0006DE94       inflate_codes_new
 0001:0006EDBC       inflate_fast
 0001:0006EBF0       inflate_flush
 0001:0006DE50       inflate_set_dictionary
 0001:0006C3A4       inflate_trees_bits
 0001:0006C418       inflate_trees_dynamic
 0001:0006C548       inflate_trees_fixed
 0001:0006C710       inflate_trees_free
 0001:0002E360       IniFiles
 0001:00000A84       InitAllocator
 0001:00028D84       InitAnApi
 0002:00002924       InitApis
 0001:00063CFC       InitComObj
 0001:00016354       InitComponent
 0002:00002638       InitContext
 0001:00047B10       InitControls
 0001:00028378       InitDefFontData
 0001:0000BF0C       InitDriveSpacePtr
 0001:0000AF20       InitExceptions
 0001:0002A618       InitFlatSB
 0001:0002CA74       InitGlobals
 0001:00021FC4       InitializeBitmapInfoHeader
 0001:000003D8       InitializeCriticalSection
 0001:00005498       InitializeCriticalSection
 0002:000025C4       initialized
 0001:0002A5F0       InitializeFlatSB
 0001:0000514C       InitializeModule
 0001:0000CE50       InitializeVarUtils
 0001:000476BC       InitIMM32
 0001:000163FC       InitInheritedComponent
 0001:0000B784       InitLeadBytes
 0001:00029460       InitMultiMonStubs
 0001:000656A4       InitOlePro32
 0001:0000B024       InitPlatformId
 0002:00002044       InitProc
 0001:00062AD4       InitProcs
 0001:000282E0       InitScreenLogPixels
 0001:0000B7FC       InitSysLocale
 0001:0002AC40       InitThemeLibrary
 0001:0001BE1C       InitThreadSynchronization
 0001:000050C8       InitThreadTLS
 0001:00002D24       InitUnits
 0001:00034504       InitWndProc
 0002:00000B08       InnerStyles
 0002:00002050       Input
 0001:0003BFAC       InsertBefore
 0001:0005ED3C       InsertBefore
 0001:00000E90       InsertFree
 0001:00050798       InsertHotkeyFarEastFormat
 0001:00005A58       InsertMenu
 0001:00005A60       InsertMenuItem
 0002:00002884       InstBlockList
 0002:00002888       InstFreeList
 0002:0000285C       IntConstList
 0001:000631E0       InterfaceConnect
 0001:0006328C       InterfaceDisconnect
 0001:0000037C       InterlockedDecrement
 0001:0000BF74       InterlockedDecrement
 0001:0000BF80       InterlockedExchange
 0001:00005388       InterlockedExchange
 0001:0000BF88       InterlockedExchangeAdd
 0001:00000374       InterlockedIncrement
 0001:0000BF68       InterlockedIncrement
 0001:0001E6DC       InternalDeletePalette
 0001:00001B3C       InternalFlush
 0001:00000CEC       InternalFreeMem
 0001:000221CC       InternalGetDIB
 0001:00022110       InternalGetDIBSizes
 0001:000161EC       InternalReadComponentRes
 0002:00002B20       InternalServices
 0001:00003528       InternalUniqueString
 0001:000056A0       IntersectClipRect
 0001:00005A68       IntersectRect
 0001:00007324       IntToHex
 0001:000160EC       IntToIdent
 0001:00007210       IntToStr
 0001:000072FC       IntToStr
 0001:00005A70       InvalidateRect
 0001:00020D40       InvalidBitmap
 0001:00020D20       InvalidGraphic
 0001:00020D4C       InvalidIcon
 0001:00020D58       InvalidMetafile
 0001:000653F4       InvalidOperation
 0001:00020D00       InvalidOperation
 0001:00015198       InvalidPoint
 0002:0000279C       InvalidPointer
 0001:00002370       InvokeImplGetter
 0001:00001920       IOResult
 0002:00000C50       IOwnerDraw
 0002:00000C38       IRadios
 0002:00000C48       IRTL
 0001:00055A30       IsAccel
 0001:00051F64       IsAccelChar
 0001:00013A90       IsAccelerator
 0002:00002A10       IsAppThemed
 0001:00035428       IsBeforeTargetWindow
 0001:00005A78       IsChild
 0002:0000204C       IsConsole
 0001:00035914       IsDelphiHandle
 0001:00005A80       IsDialogMessage
 0002:00000C40       ISeparators
 0001:00013A40       IsEqualIID
 0001:00005A88       IsIconic
 0001:00051FF8       IsInitialChar
 0001:00008888       IsLeapYear
 0002:00002038       IsLibrary
 0001:0005BA94       IsMDIMaximized
 0001:0005B2F4       IsMDIMaximized
 0002:0000204D       IsMultiThread
 0001:00043A98       IsOrientationSet
 0001:0000B4D0       IsPathDelimiter
 0001:00005A90       IsRectEmpty
 0001:00035680       IsSiteChildOfClient
 0002:00002A0C       IsThemeActive
 0002:000029B4       IsThemeBackgroundPartiallyTransparent
 0002:00002A1C       IsThemeDialogTextureEnabled
 0002:000029B0       IsThemePartDefined
 0001:000161C8       IsUniqueGlobalComponentName
 0002:00002850       IsUniqueGlobalComponentNameProc
 0001:00007160       IsValidIdent
 0001:0000B7E4       IsWesternGroup
 0001:00005A98       IsWindow
 0001:00005AA0       IsWindowEnabled
 0001:00005AA8       IsWindowVisible
 0001:00005AB0       IsZoomed
 0001:0004C884       Iterate
 0001:0004C8F8       IterateMenus
 0002:0000002C       JITEnable
 0001:000559C4       KeyboardStateToShiftState
 0001:0005597C       KeyDataToShiftState
 0001:00055920       KeysToShiftState
 0001:00005AB8       KillTimer
 0001:000076E0       LastDelimiter
 0001:0000B710       LCIDToCodePage
 0001:00004EF8       LCIDToCodePage
 0002:0000010C       LeadBytes
 0001:000003E8       LeaveCriticalSection
 0001:000054A0       LeaveCriticalSection
 0002:00000034       LibModuleList
 0001:00066BA4       LicenseCheck
 0001:000056B0       LineTo
 0001:0002E4C8       ListActns
 0001:000366AC       ListAdd
 0001:0005FDD0       lIsTopMostWindow
 0001:000366E4       ListRemove
 0002:00002752       ListSeparator
 0001:00005AC0       LoadBitmap
 0001:0006333C       LoadComExProcs
 0001:00005AC8       LoadCursor
 0001:00005AD0       LoadIcon
 0001:00005AD8       LoadKeyboardLayout
 0001:000054A8       LoadLibrary
 0001:0000030C       LoadLibraryEx
 0001:000054B0       LoadResource
 0001:000045E4       LoadResourceModule
 0001:00004EA0       LoadResString
 0001:00000314       LoadString
 0001:00005AE0       LoadString
 0001:0000509C       LocalAlloc
 0001:000003B8       LocalAlloc
 0001:000003C0       LocalFree
 0001:0000A0C8       LocalGetLocaleStr
 0002:00002A44       Lock
 0001:000054B8       LockResource
 0002:00002694       LongDateFormat
 0002:00002728       LongDayNames
 0002:000026DC       LongMonthNames
 0002:000026A8       LongTimeFormat
 0001:00006EFC       LowerCase
 0001:000056A8       LPtoDP
 0001:00005538       lstrcpy
 0001:0000031C       lstrcpyn
 0002:00002824       LVarTypes
 0002:00002828       LVarTypeSync
 0002:00002030       MainInstance
 0002:00002034       MainThreadID
 0001:00000448       MakeEmpty
 0001:00002E34       MakeErrorMessage
 0002:00000B54       MakeLast
 0001:00005CA0       MakeLong
 0001:0001D0C0       MakeObjectInstance
 0001:00005CF8       MakeROP4
 0001:0000ABE0       MapException
 0001:0002E434       Mapi
 0002:00000998       MAPIDLL
 0002:0000099C       MAPIModule
 0001:00002B3C       MapToRunError
 0001:00005AE8       MapVirtualKey
 0001:00005AF0       MapWindowPoints
 0002:00000B8C       Mask
 0001:000056B8       MaskBlt
 0001:000289D0       Math
 0001:00028998       Max
 0001:00058F90       MaximizedChildren
 0002:0000003C       MemoryManager
 0002:00000BA8       MenuKeyCaps
 0001:00053664       Menus
 0001:00000498       MergeBlockAfter
 0001:00000F64       MergeCommit
 0001:00005AF8       MessageBeep
 0001:000002B4       MessageBox
 0001:00005B00       MessageBox
 0001:0002C984       MessageDlg
 0001:0002C9BC       MessageDlgPosHelp
 0001:00005F48       Messages
 0001:00028990       Min
 0001:00016A60       Min
 0001:0003B630       MinVar
 0002:0000292C       MMAvailable
 0002:000007B8       ModalResults
 0002:00000B6C       ModeMap
 0001:0005B514       ModifySystemMenu
 0002:000000A4       Module
 0002:00002665       ModuleIsCpp
 0002:00002664       ModuleIsLib
 0001:0001D090       ModuleUnload
 0002:00000038       ModuleUnloadList
 0002:00002908       MonitorFromPoint
 0002:00002904       MonitorFromRect
 0002:00002900       MonitorFromWindow
 0002:000000DC       MonthDays
 0002:00002B40       Mouse
 0002:00000DE8       MouseMap
 0001:00001940       Move
 0001:000056C0       MoveToEx
 0001:00036720       MoveWindowOrg
 0001:000054C0       MulDiv
 0001:000054C8       MultiByteToWideChar
 0001:0000032C       MultiByteToWideChar
 0001:00062470       MultiLineWidth
 0001:000294FC       MultiMon
 0002:00002C14       NeedToUninitialize
 0002:00002689       NegCurrFormat
 0001:00000FF0       NewCommit
 0001:0000101C       NewCommitAt
 0002:00002B44       NewStyleControls
 0001:0000B494       NextCharIndex
 0001:00043A64       NextVisibleZone
 0002:000003F0       NilMethod
 0002:00000030       NoErrMsg
 0001:0004DACC       NormalDraw
 0001:000026F4       NotifyAnyExcept
 0001:000026C8       NotifyExcept
 0001:00002728       NotifyExceptFinally
 0001:000162C8       NotifyGlobalLoading
 0001:000048E4       NotifyModuleUnload
 0001:000026A4       NotifyNonDelphiException
 0001:000026E0       NotifyOnExcept
 0001:00002688       NotifyReRaise
 0001:00002750       NotifyTerminate
 0001:0000276C       NotifyUnhandled
 0001:00051678       NthParentOf
 0001:00012D90       Null
 0002:0000031C       NullAsStringValue
 0002:00000318       NullStrictConvert
 0001:000345B8       ObjectFromHWnd
 0001:00005B08       OemToAnsi
 0001:00005B10       OffsetRect
 0001:00062FD4       OleCheck
 0001:00065970       OleConst
 0001:00065794       OleCreateFontIndirect
 0001:000657D4       OleCreatePictureIndirect
 0001:0006975C       OleCtrls
 0001:00013A88       OleDraw
 0001:00062FB8       OleError
 0001:0006622C       OleFontToFont
 0001:00065818       OleLoadPicture
 0002:00002C24       OlePro32DLL
 0001:0006A340       OleServer
 0001:00013A80       OleSetMenuDescriptor
 0001:00003EA8       OleStrToStrVar
 0002:00002C08       OleUninitializing
 0001:00012454       OleVarFromAny
 0001:000124B8       OleVarFromVarArrayProc
 0001:00005B18       OpenClipboard
 0002:0000297C       OpenThemeData
 0002:00000B4C       OrientArray
 0002:00000B18       OuterStyles
 0002:00002798       OutOfMemory
 0001:0000A810       OutOfMemoryError
 0001:00020D64       OutOfResources
 0002:0000221C       Output
 0002:00000320       PackVarCreation
 0002:000006EC       Pal16
 0001:0001EBA8       PaletteChanged
 0001:0002176C       PaletteFromDIBColorTable
 0001:00021850       PaletteToDIBColorTable
 0002:000006E8       PalSize
 0001:00001A6C       ParamStr
 0001:0004406C       ParentNotLast
 0001:000056C8       PatBlt
 0002:000028EC       PatternManager
 0001:00005B20       PeekMessage
 0002:000028E0       PenManager
 0002:000006B8       PenModes
 0002:00000698       PenStyles
 0001:000056D0       PlayEnhMetaFile
 0001:00015120       Point
 0001:000051F0       Point
 0001:0001559C       PointerInModule
 0001:0003D664       PointsEqual
 0001:00005D18       PointToSmallPoint
 0002:00002BD0       PopupList
 0001:00005B28       PostMessage
 0001:00005B30       PostQuitMessage
 0001:0002A5B0       Printers
 0001:0005D29C       ProcessExecute
 0001:00055CF4       ProcessHorz
 0001:0005D3D4       ProcessUpdate
 0001:00055D8C       ProcessVert
 0001:00013A70       ProgIDFromCLSID
 0001:000193A8       PropertyNotFound
 0001:0001A610       PropPathError
 0002:00000CB0       Props
 0001:0001939C       PropValueError
 0001:00005B38       PtInRect
 0002:000000A0       PtrToNil
 0001:00008030       PutExponent
 0002:00002B88       QualifyingSites
 0001:0000AB9C       RaiseAssertException
 0001:00000284       RaiseException
 0001:00018368       RaiseException
 0001:00063998       RaiseException
 0002:00002014       RaiseExceptionProc
 0001:0000BE24       RaiseLastOSError
 0001:00063884       RaiseNameException
 0001:00045300       ReadControlName
 0001:0001B850       ReadCustomVariant
 0001:00019384       ReadError
 0001:000054D0       ReadFile
 0001:00021BCC       ReadIcon
 0001:0005BAF4       RealignMDIChildren
 0001:000056D8       RealizePalette
 0001:00019BC4       Recover
 0001:00015148       Rect
 0001:000051D4       Rect
 0001:000056E8       Rectangle
 0001:000056E0       RectVisible
 0001:00005B40       RedrawWindow
 0002:0000281C       RefAnyProc
 0002:00002A40       ReferenceCount
 0001:00000334       RegCloseKey
 0001:00005318       RegCloseKey
 0002:00002860       RegGroups
 0001:00015D70       RegisterClass
 0001:00005B48       RegisterClass
 0001:00005B50       RegisterClipboardFormat
 0001:0003583C       RegisterDockSite
 0001:00016130       RegisterFindGlobalComponentProc
 0001:00016004       RegisterIntegerConsts
 0001:00004940       RegisterModule
 0001:00029908       RegisterViewer
 0001:00005B58       RegisterWindowMessage
 0001:0002E3C8       Registry
 0001:0000033C       RegOpenKeyEx
 0001:00005320       RegOpenKeyEx
 0001:00000344       RegQueryValueEx
 0001:00005328       RegQueryValueEx
 0001:0002B514       RegStr
 0001:00005B60       ReleaseCapture
 0001:00005B68       ReleaseDC
 0002:00000048       reMap
 0002:0000261C       remBytes
 0001:00000508       RemoveBlock
 0002:000003CC       RemoveDataModule
 0001:00019254       RemoveFixupReferences
 0001:00019300       RemoveFixups
 0001:000195F8       RemoveGlobalFixup
 0001:00005B70       RemoveMenu
 0001:00004884       RemoveModuleUnloadProc
 0001:0000485C       RemoveModuleUnloadProc
 0001:00005B78       RemoveProp
 0001:000054D8       ResetEvent
 0001:0001BE68       ResetSyncEvent
 0001:000014A4       ResizeInPlace
 0001:000056F0       RestoreDC
 0001:000554C8       RestoreFocusState
 0001:0001658C       ReturnAddr
 0001:0004C31C       ReturnAddr
 0001:00017204       ReturnAddr
 0001:00021460       RGBQuadToTriple
 0001:000213E4       RGBTripleToQuad
 0001:0002B46C       RichEdit
 0002:00002B58       RM_GetObjectInstance
 0002:00002BEC       RM_TaskbarCreated
 0002:00002618       rover
 0002:000009A0       RTFConversionFormat
 0001:00012FD4       RTLConsts
 0001:0000028C       RtlUnwind
 0002:00002018       RTLUnwindProc
 0002:0000006C       runErrMsg
 0001:00001848       RunErrorAt
 0001:0000CE04       SafeArrayCreate
 0001:0000CE0C       SafeArrayGetLBound
 0001:0000CE14       SafeArrayGetUBound
 0001:0000CE1C       SafeArrayPtrOfIndex
 0001:00063440       SafeCallError
 0002:00002020       SafeCallErrorProc
 0001:0000C44C       SafeLoadLibrary
 0001:00006FDC       SameText
 0001:000056F8       SaveDC
 0001:000554B4       SaveFocusState
 0002:00002C10       SaveInitProc
 0001:0000971C       ScanBlanks
 0001:00009860       ScanChar
 0001:000099DC       ScanDate
 0001:00009740       ScanNumber
 0001:000097D4       ScanString
 0001:00009D20       ScanTime
 0001:000098E4       ScanToNumber
 0002:00002BE4       Screen
 0002:00002898       ScreenLogPixels
 0001:00005B80       ScreenToClient
 0001:00055F44       ScrollBarVisible
 0001:00005B88       ScrollWindow
 0001:00001050       SearchSmallBlocks
 0001:00005700       SelectObject
 0001:00005708       SelectPalette
 0001:00034670       SendAppMessage
 0001:000557CC       SendFocusMessage
 0001:00005B90       SendMessage
 0002:00000C0C       Separators
 0001:00001AD8       Set8087CW
 0001:00005B98       SetActiveWindow
 0001:0005F658       SetAnimation
 0001:00005710       SetBkColor
 0001:00005718       SetBkMode
 0001:00005720       SetBrushOrgEx
 0001:00005BA0       SetCapture
 0001:000349A4       SetCaptureControl
 0001:00005BA8       SetClassLong
 0001:0001291C       SetClearVarToEmptyParam
 0001:00005BB0       SetClipboardData
 0001:00019D34       SetCompName
 0001:00005BB8       SetCursor
 0001:00005728       SetDIBColorTable
 0001:000054E0       SetEndOfFile
 0001:00005730       SetEnhMetaFileBits
 0001:000054E8       SetErrorMode
 0001:000054F0       SetEvent
 0001:00002C7C       SetExceptionHandler
 0001:000054F8       SetFilePointer
 0001:00013438       SetFloatProp
 0001:00005BC0       SetFocus
 0001:00005BC8       SetForegroundWindow
 0001:00047960       SetImeMode
 0001:000018CC       SetInOutRes
 0001:000136BC       SetInt64Prop
 0001:000136F8       SetInterfaceProp
 0001:0001A8F0       SetInterfaceReference
 0001:0001A80C       SetIntIdent
 0002:00000C84       SetLayeredWindowAttributes
 0001:000132A0       SetLongStrProp
 0001:00005738       SetMapMode
 0001:00005BD0       SetMenu
 0001:00005BD8       SetMenuItemInfo
 0001:00013684       SetMethodProp
 0001:0001A854       SetObjectIdent
 0001:00064464       SetOleFont
 0001:000131A8       SetOrdProp
 0001:00005740       SetPixel
 0001:00005BE0       SetProp
 0001:00005BE8       SetRect
 0001:00005748       SetROP2
 0001:00005BF0       SetScrollInfo
 0001:00005BF8       SetScrollPos
 0001:00005C00       SetScrollRange
 0001:00013204       SetShortStrProp
 0001:00013258       SetShortStrPropAsLongStr
 0001:00005750       SetStretchBltMode
 0001:00013338       SetStrProp
 0001:00019B3C       SetSubComponentState
 0001:00005758       SetTextColor
 0002:00002A24       SetThemeAppProperties
 0001:00005500       SetThreadLocale
 0001:00005C08       SetTimer
 0001:00012904       SetVarAsError
 0001:00013644       SetVariantProp
 0001:0001A894       SetVariantReference
 0001:00005760       SetViewportOrgEx
 0001:00061E44       SetVisible
 0001:00013364       SetWideStrProp
 0001:000132E0       SetWideStrPropAsLongStr
 0001:00005C10       SetWindowLong
 0001:00005770       SetWindowOrgEx
 0001:00005C18       SetWindowPlacement
 0001:00005C20       SetWindowPos
 0001:00005C28       SetWindowsHookEx
 0002:000029E8       SetWindowTheme
 0001:00005768       SetWinMetaFileBits
 0002:0000014C       ShareMode
 0001:0002B4DC       ShellAPI
 0002:00002B10       ShellModule
 0002:00000DE0       ShiftMap
 0001:0002B5BC       ShlObj
 0001:0006FBD8       ShockwaveEx
 0001:0006AEC4       ShockwaveFlashObjects_TLB
 0001:0004C350       ShortCut
 0002:00002BD4       ShortCutItems
 0001:0004C414       ShortCutToText
 0002:00002690       ShortDateFormat
 0002:0000270C       ShortDayNames
 0002:000026AC       ShortMonthNames
 0002:000026A4       ShortTimeFormat
 0002:00000CE4       ShowCommands
 0002:00000CFC       ShowCommands
 0002:00000CF0       ShowCommands
 0001:00005C30       ShowCursor
 0001:0000A748       ShowException
 0002:00000D98       ShowFlags
 0002:00000B00       ShowFlags
 0001:000554DC       ShowMDIClientEdge
 0001:00005C38       ShowOwnedPopups
 0001:00005C40       ShowScrollBar
 0001:00005C48       ShowWindow
 0001:0005F688       ShowWinNoAnimate
 0001:00046BEC       ShowZone
 0002:00000B60       SizeCursors
 0001:00005508       SizeofResource
 0001:0001B384       SkipBinary
 0001:0001B3B4       SkipCollection
 0001:0001B35C       SkipList
 0001:00005510       Sleep
 0001:0000BE1C       Sleep
 0001:00015138       SmallPoint
 0001:00005D04       SmallPointToPoint
 0002:00002624       smallTab
 0002:000025EC       spaceRoot
 0001:00015E78       StartClassGroup
 0001:0003160C       StdActns
 0001:00031490       StdCtrls
 0001:00063E7C       StdVCL
 0001:0001D098       StdWndProc
 0002:000028A0       StockBrush
 0002:000028A4       StockFont
 0002:000028A8       StockIcon
 0002:0000289C       StockPen
 0001:00007A80       StrAlloc
 0001:00007A94       StrBufSize
 0001:0000B244       StrByteType
 0001:0000B430       StrCharLength
 0001:00007970       StrComp
 0001:000078D0       StrCopy
 0001:00007ACC       StrDispose
 0001:0004AA08       StreamsEqual
 0001:000078AC       StrEnd
 0001:00005778       StretchBlt
 0001:00007EDC       StrFmt
 0001:00007994       StrIComp
 0001:00013A68       StringFromCLSID
 0001:00018204       StringListCompareStrings
 0001:0000BCE8       StringReplace
 0001:00003ECC       StringToOleStr
 0001:000662B0       StringToVarOleStr
 0001:0005333C       StripHotkey
 0001:000078F8       StrLCopy
 0001:00007894       StrLen
 0001:00007F1C       StrLFmt
 0001:000079D4       StrLIComp
 0001:000078C0       StrMove
 0001:00007AA0       StrNew
 0001:0000B450       StrNextChar
 0001:0000792C       StrPCopy
 0001:00007950       StrPLCopy
 0001:00007A2C       StrPos
 0001:00007A18       StrScan
 0001:0000734C       StrToInt
 0001:00007388       StrToIntDef
 0001:0002E1BC       StrUtils
 0002:00000CD8       Styles
 0001:00013AB8       Succeeded
 0001:0000C3B4       Supports
 0001:0000C390       Supports
 0002:00002854       SyncEvent
 0002:000003F8       SyncList
 0001:0002AA78       SyncObjs
 0001:0000035C       SysAllocStringLen
 0001:00006258       SysConst
 0002:00000CA8       SysConsts
 0002:00000CA0       SysConsts
 0001:0000A008       SysErrorMessage
 0001:00001300       SysFreeMem
 0001:00013AA0       SysFreeString
 0001:0000036C       SysFreeString
 0001:00001170       SysGetMem
 0001:000051CC       SysInit
 0002:00002744       SysLocale
 0001:00001680       SysReallocMem
 0001:00000364       SysReAllocStringLen
 0001:00004FC0       System
 0002:00002890       SystemPalette16
 0001:000216C4       SystemPaletteOverride
 0001:00005C50       SystemParametersInfo
 0001:0000C920       SysUtils
 0001:00048B28       TActionLink.IsCaptionLinked
 0001:00048B4C       TActionLink.IsCheckedLinked
 0001:00048B70       TActionLink.IsEnabledLinked
 0001:00048B94       TActionLink.IsGroupIndexLinked
 0001:00048BB8       TActionLink.IsHelpContextLinked
 0001:00048BDC       TActionLink.IsHelpLinked
 0001:00048C00       TActionLink.IsHintLinked
 0001:00048C24       TActionLink.IsImageIndexLinked
 0001:00048C48       TActionLink.IsShortCutLinked
 0001:00048C6C       TActionLink.IsVisibleLinked
 0001:00048C90       TActionLink.SetAutoCheck
 0001:00048CA0       TActionLink.SetCaption
 0001:00048CB0       TActionLink.SetChecked
 0001:00048CC0       TActionLink.SetEnabled
 0001:00048CD0       TActionLink.SetGroupIndex
 0001:00048CE0       TActionLink.SetHelpContext
 0001:00048CF0       TActionLink.SetHelpKeyword
 0001:00048D00       TActionLink.SetHelpType
 0001:00048D10       TActionLink.SetHint
 0001:00048D20       TActionLink.SetImageIndex
 0001:00048D30       TActionLink.SetShortCut
 0001:00048D44       TActionLink.SetVisible
 0001:000646B0       TAdapterNotifier.Create
 0001:00064700       TAdapterNotifier.OnChanged
 0001:0006474C       TAdapterNotifier.OnRequestEdit
 0001:00062554       TApplication.ActivateHint
 0001:00060C78       TApplication.BringToFront
 0001:000621EC       TApplication.CancelHint
 0001:00060144       TApplication.CheckIniChange
 0001:0005FCF0       TApplication.ControlDestroyed
 0001:0005F760       TApplication.Create
 0001:000611F0       TApplication.CreateForm
 0001:0005FB14       TApplication.CreateHandle
 0001:0005F9B4       TApplication.Destroy
 0001:000629B0       TApplication.DispatchAction
 0001:00061A70       TApplication.DoActionIdle
 0001:00061AF4       TApplication.DoMouseIdle
 0001:0005FEAC       TApplication.DoNormalizeTopMosts
 0001:00062A5C       TApplication.ExecuteAction
 0001:00062960       TApplication.GetCurrentHelpFile
 0001:000619D8       TApplication.GetExeName
 0001:00060A10       TApplication.GetIconHandle
 0001:00060CD4       TApplication.GetTitle
 0001:0006139C       TApplication.HandleException
 0001:00061078       TApplication.HandleMessage
 0001:000619B0       TApplication.HelpCommand
 0001:00061938       TApplication.HelpContext
 0001:000618C0       TApplication.HelpKeyword
 0001:00062194       TApplication.HideHint
 0001:00062018       TApplication.HintMouseMessage
 0001:00062150       TApplication.HintTimerExpired
 0001:000610A0       TApplication.HookMainWindow
 0001:00062B50       TApplication.HookSynchronizeWakeup
 0001:00061D1C       TApplication.IconChanged
 0001:00061BA0       TApplication.Idle
 0001:000611D0       TApplication.Initialize
 0001:0006170C       TApplication.InvokeHelp
 0001:00060D30       TApplication.IsDlgMsg
 0001:00060EEC       TApplication.IsHintMsg
 0001:00060DCC       TApplication.IsKeyMsg
 0001:00060D70       TApplication.IsMDIMsg
 0001:00060F30       TApplication.IsShortCut
 0001:00061478       TApplication.MessageBox
 0001:00060A48       TApplication.Minimize
 0001:0005FFD4       TApplication.ModalFinished
 0001:0005FF8C       TApplication.ModalStarted
 0001:00060030       TApplication.NormalizeAllTopMosts
 0001:0006001C       TApplication.NormalizeTopMosts
 0001:00061CC4       TApplication.NotifyForms
 0001:00060FB0       TApplication.ProcessMessage
 0001:00060B34       TApplication.Restore
 0001:00060044       TApplication.RestoreTopMosts
 0001:00061284       TApplication.Run
 0001:00061D98       TApplication.SetHint
 0001:000619F4       TApplication.SetShowHint
 0001:000601B4       TApplication.SettingChange
 0001:00061630       TApplication.ShowException
 0001:00061F88       TApplication.StartHintTimer
 0001:00061FE0       TApplication.StopHintTimer
 0001:00061380       TApplication.Terminate
 0001:00061118       TApplication.UnhookMainWindow
 0001:00062B6C       TApplication.UnhookSynchronizeWakeup
 0001:00062A98       TApplication.UpdateAction
 0001:00061EA4       TApplication.UpdateVisible
 0001:00060114       TApplication.UseRightToLeftAlignment
 0001:000600E4       TApplication.UseRightToLeftReading
 0001:00061F4C       TApplication.ValidateHelpSystem
 0001:00062B2C       TApplication.WakeMainThread
 0001:000602BC       TApplication.WndProc
 0002:00000C90       TaskActiveWindow
 0002:00000C98       TaskFirstTopMost
 0002:00000C94       TaskFirstWindow
 0002:00000C9C       TaskWindowList
 0001:00034FA8       TBaseDragControlObject.Assign
 0001:00034F64       TBaseDragControlObject.Create
 0001:00034FE4       TBaseDragControlObject.EndDrag
 0001:00035014       TBaseDragControlObject.Finished
[...]
  1209 0001:0006730C  1210 0001:00067318  1211 0001:00067326  1212 0001:00067332
  1263 0001:00067338  1264 0001:00067357  1265 0001:0006735F  1266 0001:0006739D
  1275 0001:000673B4  1276 0001:000673C3  1277 0001:000673CB  1278 0001:000673D9
  1334 0001:000673E0  1335 0001:0006740B  1336 0001:00067413  1337 0001:0006741B
  1339 0001:0006744A  1340 0001:0006747E  1364 0001:00067484  1365 0001:000674AD
  1366 0001:000674E3  1369 0001:000674E8  1370 0001:000674F7  1371 0001:00067505
  1376 0001:0006750C  1377 0001:0006751B  1378 0001:00067523  1379 0001:00067531
  1380 0001:00067539  1390 0001:00067540  1391 0001:00067549  1393 0001:00067569
  1394 0001:0006756E  1395 0001:00067581  1396 0001:0006759E  1397 0001:000675AA
  1398 0001:000675C4  1399 0001:000675CE  1400 0001:000675E4  1402 0001:000675F9
  1406 0001:00067600  1407 0001:00067601  1408 0001:00067602  1409 0001:00067603
  1410 0001:00067605  1411 0001:00067607  1412 0001:0006760A  1413 0001:0006760C
  1414 0001:0006760E  1415 0001:00067610  1416 0001:00067613  1417 0001:00067615
  1418 0001:00067617  1419 0001:00067619  1420 0001:0006761B  1421 0001:0006761D
  1422 0001:0006761F  1423 0001:00067622  1424 0001:00067624  1425 0001:00067626
  1426 0001:00067629  1427 0001:0006762C  1428 0001:0006762F  1429 0001:00067630
  1430 0001:00067632  1431 0001:00067635  1432 0001:00067638  1433 0001:0006763A
  1434 0001:0006763C  1435 0001:0006763D  1436 0001:0006763E  1437 0001:0006763F
  1455 0001:00067640  1456 0001:00067655  1457 0001:00067666  1459 0001:00067676
  1460 0001:0006767B  1461 0001:00067689  1462 0001:00067692  1463 0001:0006769B
  1464 0001:000676A4  1466 0001:000676AE  1467 0001:000676C7  1468 0001:000676D0
  1470 0001:000676D5  1471 0001:000676E0  1472 0001:000676ED  1474 0001:000676FA
  1475 0001:00067700  1477 0001:0006770D  1478 0001:00067714  1480 0001:0006771A
  1481 0001:0006772C  1482 0001:00067738  1485 0001:00067743  1486 0001:00067753
  1487 0001:0006775B  1490 0001:00067766  1493 0001:00067773  1496 0001:00067786
  1497 0001:0006778C  1501 0001:0006779A  1502 0001:000677A0  1503 0001:000677AC
  1507 0001:000677BA  1508 0001:000677C0  1511 0001:000677CB  1512 0001:000677D1
  1513 0001:000677D7  1515 0001:000677E2  1518 0001:000677EE  1519 0001:000677F9
  1520 0001:00067804  1522 0001:00067813  1523 0001:0006781E  1524 0001:00067824
  1526 0001:0006782A  1527 0001:00067835  1528 0001:00067842  1524 0001:0006785D
  1531 0001:00067872  1533 0001:00067886  1534 0001:0006788C  1536 0001:00067892
  1537 0001:0006789D  1534 0001:000678AC  1540 0001:000678B2  1545 0001:000678BC
  1546 0001:000678CE  1547 0001:000678E0  1550 0001:000678F3  1551 0001:00067901
  1553 0001:0006790E  1555 0001:0006791C  1556 0001:0006791D  1557 0001:0006791E
  1558 0001:00067921  1559 0001:00067924  1560 0001:00067926  1561 0001:00067928
  1562 0001:0006792A  1563 0001:0006792C  1564 0001:0006792F  1565 0001:00067931
  1566 0001:00067933  1567 0001:00067936  1568 0001:00067938  1569 0001:0006793C
  1570 0001:0006793E  1571 0001:00067940  1572 0001:00067942  1573 0001:00067944
  1574 0001:00067946  1575 0001:00067948  1576 0001:0006794D  1577 0001:0006794F
  1578 0001:00067952  1579 0001:00067954  1580 0001:00067959  1581 0001:0006795B
  1582 0001:0006795C  1583 0001:0006795E  1584 0001:00067962  1585 0001:00067964
  1586 0001:00067967  1587 0001:0006796A  1588 0001:0006796B  1589 0001:0006796D
  1590 0001:00067970  1591 0001:00067973  1592 0001:00067976  1593 0001:00067977
  1596 0001:00067987  1599 0001:0006799B  1611 0001:000679A4  1612 0001:000679B0
  1721 0001:000679B4  1722 0001:000679C0  1723 0001:000679C4  1724 0001:000679D1
  1725 0001:000679F8  1726 0001:000679FE  1727 0001:00067A0F  1732 0001:00067A14
  1733 0001:00067A20  1734 0001:00067A3E  1735 0001:00067A63  1737 0001:00067A79
  1738 0001:00067A82  1739 0001:00067A9F  1740 0001:00067AA1  1734 0001:00067AA4
  1741 0001:00067AA9  1746 0001:00067AB0  1747 0001:00067ABF  1748 0001:00067AC7
  1749 0001:00067AD5  1750 0001:00067AED  1751 0001:00067AFE  1752 0001:00067B10
  1753 0001:00067B1E  1755 0001:00067B3F  1758 0001:00067B65  1760 0001:00067B72
  1763 0001:00067B7C  1764 0001:00067B8B  1765 0001:00067BB3  1770 0001:00067C14
  1771 0001:00067C1D  1773 0001:00067C26  1774 0001:00067C3C  1782 0001:00067C44
  1783 0001:00067C53  1784 0001:00067C61  1821 0001:00067C68  1822 0001:00067C77
  1823 0001:00067C7D  1824 0001:00067C83  1825 0001:00067C91  1830 0001:00067C98
  1831 0001:00067CA7  1832 0001:00067CAD  1833 0001:00067CB3  1834 0001:00067CC1
  1849 0001:00067CC8  1850 0001:00067CEA  1851 0001:00067CF8  1852 0001:00067D03
  1854 0001:00067D0F  1855 0001:00067D23  1857 0001:00067D32  1858 0001:00067D41
  1859 0001:00067D4A  1860 0001:00067D51  1863 0001:00067D9F  1868 0001:00067DA4
  1869 0001:00067DB4  1870 0001:00067DBA  1871 0001:00067DC1  1872 0001:00067DC9
  1873 0001:00067DCF  1874 0001:00067DDD  1935 0001:00067DE4  1936 0001:00067DF3
  1937 0001:00067E01  1943 0001:00067E08  1944 0001:00067E2A  1945 0001:00067E35
  1947 0001:00067E3F  1948 0001:00067E4D  1950 0001:00067E77  1952 0001:00067E83
  1953 0001:00067E8F  1954 0001:00067EB0  1955 0001:00067EBC  1957 0001:00067EEA
  1964 0001:00067EF4  1965 0001:00067F17  1966 0001:00067F27  1967 0001:00067F31
  1968 0001:00067F3F  1969 0001:00067F64  1971 0001:00067F7B  1972 0001:00067F8F
  1973 0001:00067F9A  1974 0001:00067FA5  1975 0001:00067FB3  1968 0001:00067FB6
  1977 0001:00067FC8  1979 0001:00067FF7  2012 0001:00067FFC  2013 0001:00068027
  2014 0001:0006802F  2015 0001:00068035  2016 0001:0006803D  2017 0001:00068044
  2018 0001:0006804B  2019 0001:00068054  2020 0001:0006805D  2021 0001:00068064
  2023 0001:00068092  2024 0001:000680C6  2052 0001:000680CC  2053 0001:000680DB
  2054 0001:000680E1  2055 0001:000680EC  2056 0001:000680FA  2058 0001:00068115
  2060 0001:00068126  2065 0001:0006812C  2066 0001:00068138  2067 0001:00068143
  2068 0001:00068149  2070 0001:0006814F  2072 0001:00068169  2073 0001:00068180
  2075 0001:0006818E  2076 0001:000681A7  2079 0001:000681AC  2080 0001:000681D5
  2081 0001:0006820B  2086 0001:00068210  2087 0001:0006821F  2088 0001:00068225
  2089 0001:00068231  2091 0001:0006823E  2092 0001:00068243  2093 0001:00068251
  2165 0001:00068258  2166 0001:0006826A  2167 0001:00068272  2168 0001:00068280
  2170 0001:000682B8  2172 0001:000682C9  2174 0001:000682DA  2176 0001:000682E7
  2177 0001:000682F6  2178 0001:00068301  2179 0001:00068310  2180 0001:0006832D
  2182 0001:00068348  2183 0001:00068355  2186 0001:00068367  2188 0001:00068374
  2189 0001:0006837F  2190 0001:0006838E  2191 0001:0006839B  2194 0001:000683AB
  2196 0001:000683B8  2197 0001:000683C9  2198 0001:000683DA  2199 0001:000683E6
  2200 0001:000683FB  2201 0001:00068409  2202 0001:00068414  2204 0001:00068424
  2206 0001:00068440  2208 0001:00068458  2213 0001:00068481  2215 0001:00068495
  2220 0001:0006849C  2221 0001:000684A8  2225 0001:000684CE  2226 0001:000684D9
  2227 0001:000684ED  2228 0001:000684F6  2229 0001:000684FF  2230 0001:00068507
  2231 0001:0006850E  2232 0001:00068515  2234 0001:0006852C  2235 0001:00068536
  2238 0001:0006853B  2240 0001:0006854C  2242 0001:00068561  2243 0001:00068575
  2246 0001:0006858B  2247 0001:000685A0  2249 0001:000685B4  2250 0001:000685BF
  2256 0001:000685C4  2257 0001:000685D3  2258 0001:000685E1  2259 0001:000685EF
  2260 0001:000685FD  2261 0001:0006860B  2262 0001:0006861D  2263 0001:0006862B
  2265 0001:00068654  2268 0001:00068678  2271 0001:000686A9  2272 0001:000686AC
  2273 0001:000686BE  2275 0001:000686C8  2278 0001:000686D0  2279 0001:000686DC
  2280 0001:000686E8  2281 0001:000686F5  2282 0001:00068700  2288 0001:00068704
  2289 0001:00068710  2291 0001:0006871C  2292 0001:00068725  2294 0001:00068740
  2296 0001:00068764  2298 0001:00068781  2299 0001:0006878C  2305 0001:00068790
  2306 0001:0006879C  2307 0001:000687A7  2308 0001:000687AC  2309 0001:000687C4
  2311 0001:000687D6  2312 0001:000687EC  2314 0001:00068804  2317 0001:00068808
  2318 0001:00068814  2319 0001:0006881F  2322 0001:00068846  2323 0001:00068850
  2324 0001:0006885E  2326 0001:0006887E  2329 0001:00068890  2332 0001:00068894
  2333 0001:000688A0  2334 0001:000688AB  2337 0001:000688D2  2338 0001:000688DC
  2339 0001:000688EA  2341 0001:00068910  2344 0001:00068922  2347 0001:00068928
  2348 0001:00068947  2349 0001:00068952  2352 0001:00068985  2353 0001:0006898F
  2354 0001:0006899D  2355 0001:000689AC  2356 0001:000689C2  2357 0001:000689D1
  2359 0001:000689FC  2362 0001:00068A2B  2369 0001:00068A30  2370 0001:00068A3D
  2372 0001:00068A51  2373 0001:00068A58  2375 0001:00068A76  2376 0001:00068A85
  2377 0001:00068A90  2378 0001:00068A97  2379 0001:00068AA0  2380 0001:00068AA9
  2382 0001:00068AC3  2383 0001:00068AD6  2384 0001:00068AE0  2388 0001:00068AE2
  2389 0001:00068AED  2394 0001:00068AF4  2395 0001:00068B00  2396 0001:00068B0B
  2397 0001:00068B1F  2399 0001:00068B59  2404 0001:00068B60  2405 0001:00068B6C
  2406 0001:00068B77  2408 0001:00068B8B  2409 0001:00068BA6  2411 0001:00068BC5
  2416 0001:00068BCC  2417 0001:00068BD0  2418 0001:00068BF3  2421 0001:00068BF8
  2422 0001:00068BFC  2423 0001:00068C0D  2424 0001:00068C1C  2427 0001:00068C24
  2428 0001:00068C28  2429 0001:00068C39  2430 0001:00068C48  2435 0001:00068C50
  2436 0001:00068C54  2437 0001:00068C5C  2441 0001:00068C64  2442 0001:00068C73
  2443 0001:00068C7D  2446 0001:00068C84  2447 0001:00068C93  2448 0001:00068C9D
  2451 0001:00068CA4  2452 0001:00068CA8  2453 0001:00068CB0  2454 0001:00068CB8
  2457 0001:00068CC0  2458 0001:00068CC4  2459 0001:00068CCC  2465 0001:00068CD4
  2466 0001:00068CDB  2467 0001:00068CF3  2468 0001:00068CFD  2469 0001:00068D19
  2470 0001:00068D35  2472 0001:00068D4D  2473 0001:00068D5A  2475 0001:00068D67
  2476 0001:00068D89  2481 0001:00068D90  2482 0001:00068D94  2483 0001:00068D9E
  2486 0001:00068DA4  2487 0001:00068DA8  2488 0001:00068DB2  2491 0001:00068DB8
  2492 0001:00068DC7  2493 0001:00068DD1  2497 0001:00068DD8  2498 0001:00068DDE
  2500 0001:00068DE4  2501 0001:00068E0B  2504 0001:00068E36  2505 0001:00068E57
  2507 0001:00068E7A  2508 0001:00068E82  2512 0001:00068E8C  2513 0001:00068E90
  2514 0001:00068E9A  2517 0001:00068EA0  2518 0001:00068EA4  2519 0001:00068EAE
  2522 0001:00068EB4  2523 0001:00068EB8  2524 0001:00068EC2  2529 0001:00068EC8
  2530 0001:00068ECC  2531 0001:00068ED4  2536 0001:00068EDC  2537 0001:00068EE0
  2538 0001:00068EE5  2539 0001:00068EF2  2540 0001:00068F04  2543 0001:00068F0C
  2544 0001:00068F10  2545 0001:00068F18  2548 0001:00068F20  2549 0001:00068F24
  2550 0001:00068F45  2551 0001:00068F66  2552 0001:00068F6E  2555 0001:00068F94
  2556 0001:00068F98  2557 0001:00068FA2  2558 0001:00068FAA  2563 0001:00068FB0
  2564 0001:00068FCE  2565 0001:00068FE3  2566 0001:00068FEB  2567 0001:00069002
  2570 0001:00069019  2571 0001:00069021  2572 0001:0006902F  2573 0001:00069037
  2575 0001:0006903F  2576 0001:00069047  2579 0001:00069050  2580 0001:00069054
  2581 0001:0006905E  2584 0001:00069064  2585 0001:00069068  2586 0001:00069077
  2587 0001:00069081  2588 0001:00069089  2591 0001:00069090  2592 0001:00069094
  2593 0001:000690A1  2594 0001:000690AE  2595 0001:000690B6  2598 0001:000690BC
  2599 0001:000690C0  2600 0001:000690CA  2603 0001:000690D0  2604 0001:000690D4
  2605 0001:000690E3  2606 0001:000690EB  2609 0001:000690F0  2610 0001:000690F6
  2611 0001:00069124  2612 0001:0006912C  2617 0001:00069134  2618 0001:00069138
  2619 0001:00069142  2622 0001:00069148  2623 0001:0006914C  2624 0001:00069156
  2627 0001:0006915C  2628 0001:00069160  2629 0001:0006916A  2633 0001:00069170
  2634 0001:00069174  2635 0001:0006917C  2640 0001:00069184  2641 0001:00069188
  2642 0001:00069195  2643 0001:0006919D  2649 0001:000691A4  2650 0001:000691AA
  2651 0001:000691B5  2652 0001:000691BB  2653 0001:000691E4  2654 0001:000691EC
  2660 0001:000691F4  2661 0001:000691FA  2662 0001:00069205  2663 0001:0006920A
  2665 0001:00069210  2666 0001:0006921B  2669 0001:00069239  2672 0001:00069240
  2674 0001:00069246  2673 0001:00069256  2675 0001:00069263  2676 0001:0006926B
  2679 0001:00069270  2680 0001:00069274  2681 0001:0006927C  2684 0001:00069284
  2685 0001:00069288  2686 0001:00069290  2690 0001:00069298  2691 0001:0006929C
  2692 0001:000692A6  2697 0001:000692AC  2698 0001:000692B0  2699 0001:000692B7
  2700 0001:000692BF  2704 0001:000692C4  2705 0001:000692C8  2706 0001:000692CF
  2707 0001:000692D9  2711 0001:000692E0  2712 0001:000692E4  2713 0001:000692EE
  2720 0001:000692F4  2721 0001:00069311  2723 0001:00069325  2724 0001:0006932A
  2726 0001:0006937E  2728 0001:00069393  2731 0001:000693B1  2732 0001:000693C3
  2734 0001:000693D1  2735 0001:000693DA  2738 0001:000693F5  2740 0001:0006940D
  2742 0001:00069420  2744 0001:0006942C  2746 0001:00069443  2748 0001:00069457
  2750 0001:00069463  2752 0001:0006946F  2754 0001:0006947B  2756 0001:00069487
  2759 0001:00069490  2760 0001:000694C2  2765 0001:000694C8  2766 0001:000694E3
  2767 0001:000694F1  2769 0001:00069512  2771 0001:00069522  2772 0001:0006952C
  2773 0001:0006953A  2775 0001:0006955E  2779 0001:00069570  2781 0001:00069580
  2782 0001:0006958A  2783 0001:00069598  2785 0001:000695C1  2789 0001:000695D3
  2791 0001:000695E3  2792 0001:000695ED  2793 0001:000695FB  2795 0001:00069626
  2799 0001:00069638  2801 0001:00069644  2802 0001:0006964E  2803 0001:0006965C
  2805 0001:00069683  2812 0001:000696B5  2813 0001:000696DA  2816 0001:000696E4
  2817 0001:000696E8  2818 0001:000696F0  2824 0001:000696F8  2825 0001:000696FC
  2826 0001:00069704  2830 0001:0006970C  2831 0001:00069710  2832 0001:00069718
  2834 0001:0006975C  2835 0001:00069776  2836 0001:00069786  2837 0001:000697AB

Line numbers for OleServer(OleServer.pas) segment .text

    48 0001:00069858   109 0001:00069960   118 0001:00069B00   119 0001:00069B1B
   120 0001:00069B24   121 0001:00069B49   125 0001:00069B50   126 0001:00069B54
   128 0001:00069B66   129 0001:00069B6B   131 0001:00069B6D   133 0001:00069B87
   134 0001:00069B97   135 0001:00069B9C   137 0001:00069B9E   138 0001:00069BA8
   141 0001:00069BC0   142 0001:00069BC4   143 0001:00069BD9   144 0001:00069BE7
   145 0001:00069BF3   148 0001:00069BF8   149 0001:00069BFC   150 0001:00069C11
   151 0001:00069C1F   152 0001:00069C2B   156 0001:00069C30   157 0001:00069C34
   158 0001:00069C3B   159 0001:00069C43   162 0001:00069C48   163 0001:00069C4C
   164 0001:00069C53   165 0001:00069C5D   169 0001:00069C64   170 0001:00069C68
   171 0001:00069C72   183 0001:00069C78   184 0001:00069C92   185 0001:00069C98
   188 0001:00069CB5   190 0001:00069CC5   192 0001:00069CCE   194 0001:00069CE3
   195 0001:00069CF9   197 0001:00069D1B   192 0001:00069D1E   199 0001:00069D25
   201 0001:00069D36   202 0001:00069D4C   203 0001:00069D71   199 0001:00069D74
   206 0001:00069D79   207 0001:00069D82   209 0001:00069D93   211 0001:00069D9C
   213 0001:00069DB1   214 0001:00069DC7   216 0001:00069DD7   218 0001:00069DF9
   211 0001:00069DFC   220 0001:00069E03   222 0001:00069E14   223 0001:00069E2A
   225 0001:00069E3A   226 0001:00069E5F   220 0001:00069E62   229 0001:00069E67
   232 0001:00069E7F   233 0001:00069EAA   236 0001:00069EB4   237 0001:00069EBD
   238 0001:00069EC5   239 0001:00069ECE   240 0001:00069ED4   241 0001:00069EDB
   245 0001:00069EE0   246 0001:00069EFB   248 0001:00069F08   250 0001:00069F10
   252 0001:00069F2D   254 0001:00069F3E   255 0001:00069F6E   258 0001:00069FDC
   260 0001:00069FED   262 0001:00069FF5   263 0001:0006A000   265 0001:0006A01B
   266 0001:0006A02C   267 0001:0006A048   270 0001:0006A04C   271 0001:0006A053
   274 0001:0006A05B   275 0001:0006A064   276 0001:0006A070   277 0001:0006A078
   280 0001:0006A07C   282 0001:0006A08B   288 0001:0006A090   289 0001:0006A0BB
   291 0001:0006A0DE   295 0001:0006A0F1   296 0001:0006A10B   298 0001:0006A11B
   300 0001:0006A16E   305 0001:0006A18A   306 0001:0006A1AA   310 0001:0006A1BA
   312 0001:0006A20B   325 0001:0006A210   327 0001:0006A219   328 0001:0006A222
   330 0001:0006A228   331 0001:0006A234   334 0001:0006A238   336 0001:0006A244
   337 0001:0006A24D   340 0001:0006A254   343 0001:0006A25D   344 0001:0006A269
   346 0001:0006A26F   347 0001:0006A27B   350 0001:0006A280   351 0001:0006A28C
   352 0001:0006A295   356 0001:0006A29C   357 0001:0006A2A0   358 0001:0006A2B2
   360 0001:0006A2B9   361 0001:0006A2C3   364 0001:0006A2C8   365 0001:0006A2CC
   366 0001:0006A2DA   367 0001:0006A2E6   370 0001:0006A2EC   371 0001:0006A2F0
   372 0001:0006A2FE   373 0001:0006A30A   375 0001:0006A340   376 0001:0006A349
   377 0001:0006A359

Line numbers for ShockwaveFlashObjects_TLB(ShockwaveFlashObjects_TLB.pas) segment .text

   531 0001:0006AD3C   532 0001:0006AD43   533 0001:0006AD51   534 0001:0006AD68
   539 0001:0006AD6C   540 0001:0006AD84   541 0001:0006ADDA   543 0001:0006ADF0
   544 0001:0006ADF7   545 0001:0006AE0A   548 0001:0006AE10   549 0001:0006AE1C
   550 0001:0006AE24   551 0001:0006AE35   579 0001:0006AE3C   580 0001:0006AE58
   581 0001:0006AE8E   764 0001:0006AEC4   764 0001:0006AECB

Line numbers for ShockwaveEx(ShockwaveEx.pas) segment .text

    58 0001:0006F4F0    59 0001:0006F4F7    60 0001:0006F4FF    63 0001:0006F504
    64 0001:0006F510    65 0001:0006F525    80 0001:0006F53C    82 0001:0006F55F
    83 0001:0006F56F    84 0001:0006F590    86 0001:0006F59A    87 0001:0006F5A9
    88 0001:0006F5BD    89 0001:0006F5CD    90 0001:0006F5DC    91 0001:0006F5EC
    92 0001:0006F5FC    93 0001:0006F60E    94 0001:0006F61C    96 0001:0006F644
    98 0001:0006F654   101 0001:0006F662   102 0001:0006F681   103 0001:0006F6AC
   107 0001:0006F6B2   108 0001:0006F6C1   109 0001:0006F6DD   110 0001:0006F6EA
   111 0001:0006F6F9   112 0001:0006F717   113 0001:0006F72B   114 0001:0006F741
   117 0001:0006F749   118 0001:0006F755   119 0001:0006F764   120 0001:0006F768
   121 0001:0006F778   122 0001:0006F787   123 0001:0006F797   124 0001:0006F7A8
   127 0001:0006F7CF   128 0001:0006F7DB   129 0001:0006F7EF   130 0001:0006F803
   133 0001:0006F80B   134 0001:0006F813   135 0001:0006F81B   136 0001:0006F823
   137 0001:0006F856   143 0001:0006F87C   144 0001:0006F88A   145 0001:0006F8A8
   146 0001:0006F8B5   147 0001:0006F8CF   148 0001:0006F8D9   149 0001:0006F8E3
   150 0001:0006F91D   153 0001:0006F92C   154 0001:0006F945   156 0001:0006F954
   158 0001:0006F963   159 0001:0006F97C   160 0001:0006F986   161 0001:0006F98C
   162 0001:0006F992   163 0001:0006F9AC   167 0001:0006F9BF   168 0001:0006F9D8
   170 0001:0006F9E4   173 0001:0006F9FA   178 0001:0006FA5A   180 0001:0006FA64
   181 0001:0006FA6F   183 0001:0006FA71   184 0001:0006FA7C   188 0001:0006FA84
   189 0001:0006FA94   191 0001:0006FAA1   193 0001:0006FAC2   197 0001:0006FACC
   198 0001:0006FADD   200 0001:0006FAEA   202 0001:0006FB0B   203 0001:0006FB23
   206 0001:0006FB2C   207 0001:0006FB3C   208 0001:0006FB66   211 0001:0006FB70
   212 0001:0006FB78   213 0001:0006FB97   224 0001:0006FB9C   226 0001:0006FBD4
   220 0001:0006FBD8   221 0001:0006FBE1   223 0001:0006FBEB

Line numbers for ft1main(ft1main.pas) segment .text

    30 0001:0006FDA4    31 0001:0006FDCA    32 0001:0006FE25    38 0001:0006FE3C
    39 0001:0006FE61    40 0001:0006FE70    41 0001:0006FE86    42 0001:0006FEA1
    43 0001:0006FEB0    44 0001:0006FEBB    45 0001:0006FECC    46 0001:0006FED4
    47 0001:0006FF0C    49 0001:0006FF54    49 0001:0006FF5B

Line numbers for flash1(W:\CVS\common\components\rtl\External\flash\flash1.dpr) segment .text

     9 0001:000701BC    10 0001:000701CC    11 0001:000701D8    12 0001:000701F0
    13 0001:000701FC

Bound resource files

c:\program files\borland\delphi7\Lib\Buttons.res
c:\program files\borland\delphi7\Lib\ExtDlgs.res
c:\program files\borland\delphi7\Lib\Controls.res
ft1main.dfm
flash1.res
flash1.drf


Program entry point at 0001:000701BC
