archi_1_3_1   - Добавили
 09.06.2004     - Механизм исправления имен меток на пункты и статьи
archi_1_3     - Добавили
 01.06.2004     - Новый механизм отбора топиков для импорта в NSRC. Теперь топики, подключенные в регионах и залитые в Архивариус попадают в выборку. Попутно открутили устаревшие настройки, при которых исправления только некоторыех группы пользователей попадали в выборку. Теперь если кто-то смог поправить подключенный документ, то его изменения сразу выльются.
                - Добавили несколько функций для манипуляции таблицами.
                - Новый диалог поиска. Он стал больше похож по поведению на вордовый. Появились новые возможности для поиска. Надеюсь вам понравится.
archi_1_3     - Добавили
 01.06.2004     - Новый механизм отбора топиков для импорта в NSRC. Теперь топики, подключенные в регионах и залитые в Архивариус попадают в выборку. Попутно открутили устаревшие настройки, при которых исправления только некоторыех группы пользователей попадали в выборку. Теперь если кто-то смог поправить подключенный документ, то его изменения сразу выльются.
                - Добавили несколько функций для манипуляции таблицами.
                - Новый диалог поиска. Он стал больше похож по поведению на вордовый. Появились новые возможности для поиска. Надеюсь вам понравится.

archi_1_2     - Поддержка словарных статей. Unicode

archi_1_1_8_2 - Исправили
 02.04.2004     - Экспорт/импорт !Division
                - Перестановку метки с убитого параграфа на таблицу 
              - Добавили простановку юр.операций пачке документов
              - Подточили модные интерфейсы к атрибутам (Очередная итерация), 
                теперь их можно использовать без документа

archi_1_1_8   - Добавили поле Private в таблицу Publisheds
 26.03.2004   - Выкрутили "Выливать как Анонс" из диалога Экспорта
              - Исправили
                 - макрос простановки VLControl
                 - ошибку, приводившую к удалению элементов из словаря Publisheds

archi_1_1_7_1 - Исправили
                 - поиск по спискам
                 - ошибка вычисления пути к stage.dat
              - vtForm : при закрытии окна закрываются все его дочерние
              - изменили сортировку в журналах
              - при вставке в vtSpin из буфера обмена счищаются все нецифры

archi_1_1_7   - Добавили поддержку  VAnonced
              - Изменили (урезали) макрос простановки VLControl
              - Добавили поддержку "интервалов неуверенности" (!NotSure)
              - Добавили поддержку оглавления (!Contents)
              - В процедуру замены ссылок в корреспондентах добавили возможность смены номера метки

archi_1_1_6   - Добавили "Код" в словарь "Источники опубликования"
              - Отладили экспорт графических образов в csv+gif+tif

archi_1_1_5   - Поменял футеры с TEnhHeader на TvtStatusBar
              - Подточили тонкую диагностику ошибок ввода-вывода для HyTech
              - Исправлены баги
                 - глючила отрисовка новых футеров
                 - отвалилась запись словаря Insert.dct на диск

archi_1_1_4   - Исправлены баги
                 - Удаление Undo буфера падало
              - вкрутили тонкую диагностику ошибок ввода-вывода для HyTech

archi_1_1_3   - Исправлены баги
                 - удаление элементов словарей с переносом линков

archi_1_1_2   - Исправлены баги
                 - удаление элементов словарей с переносом линков

archi_1_1     - Добавлена поддержка базы графических образов документов
             